Synergy login ok
=== [1/83] CAR Sabin Ceballos
  fetched 200/2500 (page)
  fetched 400/2500 (page)
  fetched 600/2500 (page)
  fetched 800/2500 (page)
  fetched 1000/2500 (page)
  fetched 1200/2500 (page)
  fetched 1400/2500 (page)
  fetched 1600/2500 (page)
  fetched 1800/2500 (page)
  fetched 2000/2500 (page)
  fetched 2200/2500 (page)
  fetched 2400/2500 (page)
  fetched 2500/2500 (page)
  kept=2500 winter=204 vsR_pitches=1663 vsL_pitches=807
=== [2/83] CAR Deniel Ortiz
  fetched 200/2500 (page)
  fetched 400/2500 (page)
  fetched 600/2500 (page)
  fetched 800/2500 (page)
  fetched 1000/2500 (page)
  fetched 1200/2500 (page)
  fetched 1400/2500 (page)
  fetched 1600/2500 (page)
  fetched 1800/2500 (page)
  fetched 2000/2500 (page)
  fetched 2200/2500 (page)
  fetched 2400/2500 (page)
  fetched 2500/2500 (page)
  kept=2500 winter=660 vsR_pitches=1835 vsL_pitches=629
=== [3/83] PON Sammy Hernandez
  fetched 200/2500 (page)
  fetched 400/2500 (page)
  fetched 600/2500 (page)
  fetched 800/2500 (page)
  fetched 1000/2500 (page)
  fetched 1200/2500 (page)
  fetched 1400/2500 (page)
  fetched 1600/2500 (page)
  fetched 1800/2500 (page)
  fetched 2000/2500 (page)
  fetched 2200/2500 (page)
  fetched 2400/2500 (page)
  fetched 2500/2500 (page)
  kept=2500 winter=392 vsR_pitches=1823 vsL_pitches=639
=== [4/83] SJU Yariel Gonzalez
  fetched 200/2500 (page)
  fetched 400/2500 (page)
  fetched 600/2500 (page)
  fetched 800/2500 (page)
  fetched 1000/2500 (page)
  fetched 1200/2500 (page)
  fetched 1400/2500 (page)
  fetched 1600/2500 (page)
  fetched 1800/2500 (page)
  fetched 2000/2500 (page)
  fetched 2200/2500 (page)
  fetched 2400/2500 (page)
  fetched 2500/2500 (page)
  kept=2500 winter=614 vsR_pitches=1809 vsL_pitches=651
=== [5/83] CAG Jose F Miranda
  fetched 200/2500 (page)
  fetched 400/2500 (page)
  fetched 600/2500 (page)
  fetched 800/2500 (page)
  fetched 1000/2500 (page)
  fetched 1200/2500 (page)
  fetched 1400/2500 (page)
  fetched 1600/2500 (page)
  fetched 1800/2500 (page)
  fetched 2000/2500 (page)
  fetched 2200/2500 (page)
  fetched 2400/2500 (page)
  fetched 2500/2500 (page)
  kept=2500 winter=505 vsR_pitches=1869 vsL_pitches=589
=== [6/83] PON Matthew Batten
  fetched 200/2500 (page)
  fetched 400/2500 (page)
  fetched 600/2500 (page)
  fetched 800/2500 (page)
  fetched 1000/2500 (page)
  fetched 1200/2500 (page)
  fetched 1400/2500 (page)
  fetched 1600/2500 (page)
  fetched 1800/2500 (page)
  fetched 2000/2500 (page)
  fetched 2200/2500 (page)
  fetched 2400/2500 (page)
  fetched 2500/2500 (page)
  kept=2500 winter=381 vsR_pitches=1954 vsL_pitches=504
=== [7/83] CAG Kristian Campbell
  fetched 200/2500 (page)
  fetched 400/2500 (page)
  fetched 600/2500 (page)
  fetched 800/2500 (page)
  fetched 1000/2500 (page)
  fetched 1200/2500 (page)
  fetched 1400/2500 (page)
  fetched 1600/2500 (page)
  fetched 1800/2500 (page)
  fetched 2000/2500 (page)
  fetched 2200/2500 (page)
  fetched 2400/2500 (page)
  fetched 2500/2500 (page)
  kept=2487 winter=279 vsR_pitches=1980 vsL_pitches=470
=== [8/83] CAG Vimael Machín
  fetched 200/2500 (page)
  fetched 400/2500 (page)
  fetched 600/2500 (page)
  fetched 800/2500 (page)
  fetched 1000/2500 (page)
  fetched 1200/2500 (page)
  fetched 1400/2500 (page)
  fetched 1600/2500 (page)
  fetched 1800/2500 (page)
  fetched 2000/2500 (page)
  fetched 2200/2500 (page)
  fetched 2400/2500 (page)
  fetched 2500/2500 (page)
  kept=2500 winter=467 vsR_pitches=1746 vsL_pitches=704
=== [9/83] CAR Johnathan Rodríguez
  fetched 200/2500 (page)
  fetched 400/2500 (page)
  fetched 600/2500 (page)
  fetched 800/2500 (page)
  fetched 1000/2500 (page)
  fetched 1200/2500 (page)
  fetched 1400/2500 (page)
  fetched 1600/2500 (page)
  fetched 1800/2500 (page)
  fetched 2000/2500 (page)
  fetched 2200/2500 (page)
  fetched 2400/2500 (page)
  fetched 2500/2500 (page)
  kept=2500 winter=559 vsR_pitches=1783 vsL_pitches=665
=== [10/83] CAR Abimelec Ortiz
  fetched 200/2500 (page)
  fetched 400/2500 (page)
  fetched 600/2500 (page)
  fetched 800/2500 (page)
  fetched 1000/2500 (page)
  fetched 1200/2500 (page)
  fetched 1400/2500 (page)
  fetched 1600/2500 (page)
  fetched 1800/2500 (page)
  fetched 2000/2500 (page)
  fetched 2200/2500 (page)
  fetched 2400/2500 (page)
  fetched 2500/2500 (page)
  kept=2500 winter=392 vsR_pitches=1944 vsL_pitches=501
=== [11/83] PON Jacob Berry
  fetched 200/2500 (page)
  fetched 400/2500 (page)
  fetched 600/2500 (page)
  fetched 800/2500 (page)
  fetched 1000/2500 (page)
  fetched 1200/2500 (page)
  fetched 1400/2500 (page)
  fetched 1600/2500 (page)
  fetched 1800/2500 (page)
  fetched 2000/2500 (page)
  fetched 2200/2500 (page)
  fetched 2400/2500 (page)
  fetched 2500/2500 (page)
  kept=2500 winter=350 vsR_pitches=1875 vsL_pitches=558
=== [12/83] CAG Noah Myers
  fetched 200/2500 (page)
  fetched 400/2500 (page)
  fetched 600/2500 (page)
  fetched 800/2500 (page)
  fetched 1000/2500 (page)
  fetched 1200/2500 (page)
  fetched 1400/2500 (page)
  fetched 1600/2500 (page)
  fetched 1800/2500 (page)
  fetched 2000/2500 (page)
  fetched 2200/2500 (page)
  fetched 2400/2500 (page)
  fetched 2500/2500 (page)
  kept=2500 winter=434 vsR_pitches=1829 vsL_pitches=602
=== [13/83] CAG Luis Vázquez
  fetched 200/2500 (page)
  fetched 400/2500 (page)
  fetched 600/2500 (page)
  fetched 800/2500 (page)
  fetched 1000/2500 (page)
  fetched 1200/2500 (page)
  fetched 1400/2500 (page)
  fetched 1600/2500 (page)
  fetched 1800/2500 (page)
  fetched 2000/2500 (page)
  fetched 2200/2500 (page)
  fetched 2400/2500 (page)
  fetched 2500/2500 (page)
  kept=2469 winter=689 vsR_pitches=1892 vsL_pitches=532
=== [14/83] MAY Matthew Lugo
  fetched 200/2500 (page)
  fetched 400/2500 (page)
  fetched 600/2500 (page)
  fetched 800/2500 (page)
  fetched 1000/2500 (page)
  fetched 1200/2500 (page)
  fetched 1400/2500 (page)
  fetched 1600/2500 (page)
  fetched 1800/2500 (page)
  fetched 2000/2500 (page)
  fetched 2200/2500 (page)
  fetched 2400/2500 (page)
  fetched 2500/2500 (page)
  kept=2446 winter=420 vsR_pitches=1744 vsL_pitches=668
=== [15/83] CAG MJ Melendez
  fetched 200/2500 (page)
  fetched 400/2500 (page)
  fetched 600/2500 (page)
  fetched 800/2500 (page)
  fetched 1000/2500 (page)
  fetched 1200/2500 (page)
  fetched 1400/2500 (page)
  fetched 1600/2500 (page)
  fetched 1800/2500 (page)
  fetched 2000/2500 (page)
  fetched 2200/2500 (page)
  fetched 2400/2500 (page)
  fetched 2500/2500 (page)
  kept=2442 winter=307 vsR_pitches=1964 vsL_pitches=430
=== [16/83] PON Gabriel Cancel
  fetched 200/2500 (page)
  fetched 400/2500 (page)
  fetched 600/2500 (page)
  fetched 800/2500 (page)
  fetched 1000/2500 (page)
  fetched 1200/2500 (page)
  fetched 1400/2500 (page)
  fetched 1600/2500 (page)
  fetched 1800/2500 (page)
  fetched 2000/2500 (page)
  fetched 2200/2500 (page)
  fetched 2400/2500 (page)
  fetched 2500/2500 (page)
  kept=2425 winter=683 vsR_pitches=1827 vsL_pitches=563
=== [17/83] SJU Randal Diaz
  fetched 200/2500 (page)
  fetched 400/2500 (page)
  fetched 600/2500 (page)
  fetched 800/2500 (page)
  fetched 1000/2500 (page)
  fetched 1200/2500 (page)
  fetched 1400/2500 (page)
  fetched 1600/2500 (page)
  fetched 1800/2500 (page)
  fetched 2000/2500 (page)
  fetched 2200/2500 (page)
  fetched 2400/2500 (page)
  fetched 2500/2500 (page)
  kept=2427 winter=314 vsR_pitches=1886 vsL_pitches=503
=== [18/83] MAY Isan Díaz
  fetched 200/2500 (page)
  fetched 400/2500 (page)
  fetched 600/2500 (page)
  fetched 800/2500 (page)
  fetched 1000/2500 (page)
  fetched 1200/2500 (page)
  fetched 1400/2500 (page)
  fetched 1600/2500 (page)
  fetched 1800/2500 (page)
  fetched 2000/2500 (page)
  fetched 2200/2500 (page)
  fetched 2400/2500 (page)
  fetched 2500/2500 (page)
  kept=2427 winter=787 vsR_pitches=1714 vsL_pitches=666
=== [19/83] CAG Enmanuel Valdez
  fetched 200/2500 (page)
  fetched 400/2500 (page)
  fetched 600/2500 (page)
  fetched 800/2500 (page)
  fetched 1000/2500 (page)
  fetched 1200/2500 (page)
  fetched 1400/2500 (page)
  fetched 1600/2500 (page)
  fetched 1800/2500 (page)
  fetched 2000/2500 (page)
  fetched 2200/2500 (page)
  fetched 2400/2500 (page)
  fetched 2500/2500 (page)
  kept=2436 winter=51 vsR_pitches=1863 vsL_pitches=505
=== [20/83] MAY Darell Hernaiz
  fetched 200/2500 (page)
  fetched 400/2500 (page)
  fetched 600/2500 (page)
  fetched 800/2500 (page)
  fetched 1000/2500 (page)
  fetched 1200/2500 (page)
  fetched 1400/2500 (page)
  fetched 1600/2500 (page)
  fetched 1800/2500 (page)
  fetched 2000/2500 (page)
  fetched 2200/2500 (page)
  fetched 2400/2500 (page)
  fetched 2500/2500 (page)
  kept=2400 winter=148 vsR_pitches=1683 vsL_pitches=675
=== [21/83] CAR Adrian Rodriguez
  fetched 200/2500 (page)
  fetched 400/2500 (page)
  fetched 600/2500 (page)
  fetched 800/2500 (page)
  fetched 1000/2500 (page)
  fetched 1200/2500 (page)
  fetched 1400/2500 (page)
  fetched 1600/2500 (page)
  fetched 1800/2500 (page)
  fetched 2000/2500 (page)
  fetched 2200/2500 (page)
  fetched 2400/2500 (page)
  fetched 2500/2500 (page)
  kept=2376 winter=125 vsR_pitches=1749 vsL_pitches=591
=== [22/83] MAY Shawn Ross
  fetched 200/2500 (page)
  fetched 400/2500 (page)
  fetched 600/2500 (page)
  fetched 800/2500 (page)
  fetched 1000/2500 (page)
  fetched 1200/2500 (page)
  fetched 1400/2500 (page)
  fetched 1600/2500 (page)
  fetched 1800/2500 (page)
  fetched 2000/2500 (page)
  fetched 2200/2500 (page)
  fetched 2400/2500 (page)
  fetched 2500/2500 (page)
  kept=2377 winter=143 vsR_pitches=1777 vsL_pitches=553
=== [23/83] PON Emmanuel Rivera
  fetched 200/2500 (page)
  fetched 400/2500 (page)
  fetched 600/2500 (page)
  fetched 800/2500 (page)
  fetched 1000/2500 (page)
  fetched 1200/2500 (page)
  fetched 1400/2500 (page)
  fetched 1600/2500 (page)
  fetched 1800/2500 (page)
  fetched 2000/2500 (page)
  fetched 2200/2500 (page)
  fetched 2400/2500 (page)
  fetched 2500/2500 (page)
  kept=2327 winter=740 vsR_pitches=1699 vsL_pitches=595
=== [24/83] CAG Nelson Velázquez
  fetched 200/2500 (page)
  fetched 400/2500 (page)
  fetched 600/2500 (page)
  fetched 800/2500 (page)
  fetched 1000/2500 (page)
  fetched 1200/2500 (page)
  fetched 1400/2500 (page)
  fetched 1600/2500 (page)
  fetched 1800/2500 (page)
  fetched 2000/2500 (page)
  fetched 2200/2500 (page)
  fetched 2400/2500 (page)
  fetched 2500/2500 (page)
  kept=2328 winter=843 vsR_pitches=1476 vsL_pitches=805
=== [25/83] CAG Bryan Torres
  fetched 200/2500 (page)
  fetched 400/2500 (page)
  fetched 600/2500 (page)
  fetched 800/2500 (page)
  fetched 1000/2500 (page)
  fetched 1200/2500 (page)
  fetched 1400/2500 (page)
  fetched 1600/2500 (page)
  fetched 1800/2500 (page)
  fetched 2000/2500 (page)
  fetched 2200/2500 (page)
  fetched 2400/2500 (page)
  fetched 2500/2500 (page)
  kept=2308 winter=829 vsR_pitches=1657 vsL_pitches=619
=== [26/83] SJU Calvin Estrada
  fetched 200/2500 (page)
  fetched 400/2500 (page)
  fetched 600/2500 (page)
  fetched 800/2500 (page)
  fetched 1000/2500 (page)
  fetched 1200/2500 (page)
  fetched 1400/2500 (page)
  fetched 1600/2500 (page)
  fetched 1800/2500 (page)
  fetched 2000/2500 (page)
  fetched 2200/2500 (page)
  fetched 2400/2500 (page)
  fetched 2500/2500 (page)
  kept=2086 winter=602 vsR_pitches=1537 vsL_pitches=521
=== [27/83] MAY Danny Ortiz
  fetched 200/2500 (page)
  fetched 400/2500 (page)
  fetched 600/2500 (page)
  fetched 800/2500 (page)
  fetched 1000/2500 (page)
  fetched 1200/2500 (page)
  fetched 1400/2500 (page)
  fetched 1600/2500 (page)
  fetched 1800/2500 (page)
  fetched 2000/2500 (page)
  fetched 2200/2500 (page)
  fetched 2400/2500 (page)
  fetched 2500/2500 (page)
  kept=2058 winter=607 vsR_pitches=1504 vsL_pitches=516
=== [28/83] PON Edwin Díaz
  fetched 200/2500 (page)
  fetched 400/2500 (page)
  fetched 600/2500 (page)
  fetched 800/2500 (page)
  fetched 1000/2500 (page)
  fetched 1200/2500 (page)
  fetched 1400/2500 (page)
  fetched 1600/2500 (page)
  fetched 1800/2500 (page)
  fetched 2000/2500 (page)
  fetched 2200/2500 (page)
  fetched 2400/2500 (page)
  fetched 2500/2500 (page)
  kept=2046 winter=762 vsR_pitches=1415 vsL_pitches=591
=== [29/83] CAG Willy Vasquez
  fetched 200/2500 (page)
  fetched 400/2500 (page)
  fetched 600/2500 (page)
  fetched 800/2500 (page)
  fetched 1000/2500 (page)
  fetched 1200/2500 (page)
  fetched 1400/2500 (page)
  fetched 1600/2500 (page)
  fetched 1800/2500 (page)
  fetched 2000/2500 (page)
  fetched 2200/2500 (page)
  fetched 2400/2500 (page)
  fetched 2500/2500 (page)
  kept=1824 winter=56 vsR_pitches=1287 vsL_pitches=517
=== [30/83] MAY Ivan Luciano
  fetched 200/2008 (page)
  fetched 400/2008 (page)
  fetched 600/2008 (page)
  fetched 800/2008 (page)
  fetched 1000/2008 (page)
  fetched 1200/2008 (page)
  fetched 1400/2008 (page)
  fetched 1600/2008 (page)
  fetched 1800/2008 (page)
  fetched 2000/2008 (page)
  fetched 2008/2008 (page)
  kept=1826 winter=45 vsR_pitches=1407 vsL_pitches=375
=== [31/83] CAR Josh Hatcher
  fetched 200/2500 (page)
  fetched 400/2500 (page)
  fetched 600/2500 (page)
  fetched 800/2500 (page)
  fetched 1000/2500 (page)
  fetched 1200/2500 (page)
  fetched 1400/2500 (page)
  fetched 1600/2500 (page)
  fetched 1800/2500 (page)
  fetched 2000/2500 (page)
  fetched 2200/2500 (page)
  fetched 2400/2500 (page)
  fetched 2500/2500 (page)
  kept=1796 winter=496 vsR_pitches=1376 vsL_pitches=386
=== [32/83] CAR J.D. Gonzalez
  fetched 200/2500 (page)
  fetched 400/2500 (page)
  fetched 600/2500 (page)
  fetched 800/2500 (page)
  fetched 1000/2500 (page)
  fetched 1200/2500 (page)
  fetched 1400/2500 (page)
  fetched 1600/2500 (page)
  fetched 1800/2500 (page)
  fetched 2000/2500 (page)
  fetched 2200/2500 (page)
  fetched 2400/2500 (page)
  fetched 2500/2500 (page)
  kept=1774 winter=142 vsR_pitches=1339 vsL_pitches=387
=== [33/83] CAG Tomás Nido
  fetched 200/2500 (page)
  fetched 400/2500 (page)
  fetched 600/2500 (page)
  fetched 800/2500 (page)
  fetched 1000/2500 (page)
  fetched 1200/2500 (page)
  fetched 1400/2500 (page)
  fetched 1600/2500 (page)
  fetched 1800/2500 (page)
  fetched 2000/2500 (page)
  fetched 2200/2500 (page)
  fetched 2400/2500 (page)
  fetched 2500/2500 (page)
  kept=1735 winter=130 vsR_pitches=1298 vsL_pitches=402
=== [34/83] PON Dalton Guthrie
  fetched 200/2500 (page)
  fetched 400/2500 (page)
  fetched 600/2500 (page)
  fetched 800/2500 (page)
  fetched 1000/2500 (page)
  fetched 1200/2500 (page)
  fetched 1400/2500 (page)
  fetched 1600/2500 (page)
  fetched 1800/2500 (page)
  fetched 2000/2500 (page)
  fetched 2200/2500 (page)
  fetched 2400/2500 (page)
  fetched 2500/2500 (page)
  kept=1607 winter=662 vsR_pitches=1187 vsL_pitches=398
=== [35/83] SJU Kennys Vargas
  fetched 200/2500 (page)
  fetched 400/2500 (page)
  fetched 600/2500 (page)
  fetched 800/2500 (page)
  fetched 1000/2500 (page)
  fetched 1200/2500 (page)
  fetched 1400/2500 (page)
  fetched 1600/2500 (page)
  fetched 1800/2500 (page)
  fetched 2000/2500 (page)
  fetched 2200/2500 (page)
  fetched 2400/2500 (page)
  fetched 2500/2500 (page)
  kept=1479 winter=121 vsR_pitches=956 vsL_pitches=501
=== [36/83] SJU Darlin Moquete
  fetched 200/2500 (page)
  fetched 400/2500 (page)
  fetched 600/2500 (page)
  fetched 800/2500 (page)
  fetched 1000/2500 (page)
  fetched 1200/2500 (page)
  fetched 1400/2500 (page)
  fetched 1600/2500 (page)
  fetched 1800/2500 (page)
  fetched 2000/2500 (page)
  fetched 2200/2500 (page)
  fetched 2400/2500 (page)
  fetched 2500/2500 (page)
  kept=1472 winter=294 vsR_pitches=928 vsL_pitches=501
=== [37/83] PON William Simoneit
  fetched 200/2500 (page)
  fetched 400/2500 (page)
  fetched 600/2500 (page)
  fetched 800/2500 (page)
  fetched 1000/2500 (page)
  fetched 1200/2500 (page)
  fetched 1400/2500 (page)
  fetched 1600/2500 (page)
  fetched 1800/2500 (page)
  fetched 2000/2500 (page)
  fetched 2200/2500 (page)
  fetched 2400/2500 (page)
  fetched 2500/2500 (page)
  kept=1387 winter=611 vsR_pitches=981 vsL_pitches=392
=== [38/83] MAY Eddie Rosario
  fetched 200/2500 (page)
  fetched 400/2500 (page)
  fetched 600/2500 (page)
  fetched 800/2500 (page)
  fetched 1000/2500 (page)
  fetched 1200/2500 (page)
  fetched 1400/2500 (page)
  fetched 1600/2500 (page)
  fetched 1800/2500 (page)
  fetched 2000/2500 (page)
  fetched 2200/2500 (page)
  fetched 2400/2500 (page)
  fetched 2500/2500 (page)
  kept=1294 winter=600 vsR_pitches=977 vsL_pitches=296
=== [39/83] CAR Miguel Pabon
  fetched 200/2500 (page)
  fetched 400/2500 (page)
  fetched 600/2500 (page)
  fetched 800/2500 (page)
  fetched 1000/2500 (page)
  fetched 1200/2500 (page)
  fetched 1400/2500 (page)
  fetched 1600/2500 (page)
  fetched 1800/2500 (page)
  fetched 2000/2500 (page)
  fetched 2200/2500 (page)
  fetched 2400/2500 (page)
  fetched 2500/2500 (page)
  kept=1163 winter=280 vsR_pitches=870 vsL_pitches=269
=== [40/83] MAY Martín Maldonado
  fetched 200/2500 (page)
  fetched 400/2500 (page)
  fetched 600/2500 (page)
  fetched 800/2500 (page)
  fetched 1000/2500 (page)
  fetched 1200/2500 (page)
  fetched 1400/2500 (page)
  fetched 1600/2500 (page)
  fetched 1800/2500 (page)
  fetched 2000/2500 (page)
  fetched 2200/2500 (page)
  fetched 2400/2500 (page)
  fetched 2500/2500 (page)
  kept=1096 winter=472 vsR_pitches=752 vsL_pitches=328
=== [41/83] SJU Elijah Dunham
  fetched 200/2500 (page)
  fetched 400/2500 (page)
  fetched 600/2500 (page)
  fetched 800/2500 (page)
  fetched 1000/2500 (page)
  fetched 1200/2500 (page)
  fetched 1400/2500 (page)
  fetched 1600/2500 (page)
  fetched 1800/2500 (page)
  fetched 2000/2500 (page)
  fetched 2200/2500 (page)
  fetched 2400/2500 (page)
  fetched 2500/2500 (page)
  kept=996 winter=437 vsR_pitches=768 vsL_pitches=217
=== [42/83] MAY Anthony García
  fetched 200/2500 (page)
  fetched 400/2500 (page)
  fetched 600/2500 (page)
  fetched 800/2500 (page)
  fetched 1000/2500 (page)
  fetched 1200/2500 (page)
  fetched 1400/2500 (page)
  fetched 1600/2500 (page)
  fetched 1800/2500 (page)
  fetched 2000/2500 (page)
  fetched 2200/2500 (page)
  fetched 2400/2500 (page)
  fetched 2500/2500 (page)
  kept=913 winter=667 vsR_pitches=662 vsL_pitches=243
=== [43/83] CAG Onix Vega
  fetched 200/2500 (page)
  fetched 400/2500 (page)
  fetched 600/2500 (page)
  fetched 800/2500 (page)
  fetched 1000/2500 (page)
  fetched 1200/2500 (page)
  fetched 1400/2500 (page)
  fetched 1600/2500 (page)
  fetched 1800/2500 (page)
  fetched 2000/2500 (page)
  fetched 2200/2500 (page)
  fetched 2400/2500 (page)
  fetched 2500/2500 (page)
  kept=876 winter=371 vsR_pitches=600 vsL_pitches=262
=== [44/83] PON Jesmuel Valentín
  fetched 200/2500 (page)
  fetched 400/2500 (page)
  fetched 600/2500 (page)
  fetched 800/2500 (page)
  fetched 1000/2500 (page)
  fetched 1200/2500 (page)
  fetched 1400/2500 (page)
  fetched 1600/2500 (page)
  fetched 1800/2500 (page)
  fetched 2000/2500 (page)
  fetched 2200/2500 (page)
  fetched 2400/2500 (page)
  fetched 2500/2500 (page)
  kept=881 winter=881 vsR_pitches=574 vsL_pitches=281
=== [45/83] CAR Felix Stevens
  fetched 200/2500 (page)
  fetched 400/2500 (page)
  fetched 600/2500 (page)
  fetched 800/2500 (page)
  fetched 1000/2500 (page)
  fetched 1200/2500 (page)
  fetched 1400/2500 (page)
  fetched 1600/2500 (page)
  fetched 1800/2500 (page)
  fetched 2000/2500 (page)
  fetched 2200/2500 (page)
  fetched 2400/2500 (page)
  fetched 2500/2500 (page)
  kept=749 winter=145 vsR_pitches=461 vsL_pitches=277
=== [46/83] PON Anthony Calarco
  fetched 200/2500 (page)
  fetched 400/2500 (page)
  fetched 600/2500 (page)
  fetched 800/2500 (page)
  fetched 1000/2500 (page)
  fetched 1200/2500 (page)
  fetched 1400/2500 (page)
  fetched 1600/2500 (page)
  fetched 1800/2500 (page)
  fetched 2000/2500 (page)
  fetched 2200/2500 (page)
  fetched 2400/2500 (page)
  fetched 2500/2500 (page)
  kept=707 winter=707 vsR_pitches=434 vsL_pitches=259
=== [47/83] CAG Manny Garcia
  fetched 200/2500 (page)
  fetched 400/2500 (page)
  fetched 600/2500 (page)
  fetched 800/2500 (page)
  fetched 1000/2500 (page)
  fetched 1200/2500 (page)
  fetched 1400/2500 (page)
  fetched 1600/2500 (page)
  fetched 1800/2500 (page)
  fetched 2000/2500 (page)
  fetched 2200/2500 (page)
  fetched 2400/2500 (page)
  fetched 2500/2500 (page)
  kept=625 winter=184 vsR_pitches=406 vsL_pitches=214
=== [48/83] CAR Jan Hernandez
  fetched 200/2500 (page)
  fetched 400/2500 (page)
  fetched 600/2500 (page)
  fetched 800/2500 (page)
  fetched 1000/2500 (page)
  fetched 1200/2500 (page)
  fetched 1400/2500 (page)
  fetched 1600/2500 (page)
  fetched 1800/2500 (page)
  fetched 2000/2500 (page)
  fetched 2200/2500 (page)
  fetched 2400/2500 (page)
  fetched 2500/2500 (page)
  kept=583 winter=583 vsR_pitches=387 vsL_pitches=180
=== [49/83] CAR Ezequiel Pagan
  fetched 200/2500 (page)
  fetched 400/2500 (page)
  fetched 600/2500 (page)
  fetched 800/2500 (page)
  fetched 1000/2500 (page)
  fetched 1200/2500 (page)
  fetched 1400/2500 (page)
  fetched 1600/2500 (page)
  fetched 1800/2500 (page)
  fetched 2000/2500 (page)
  fetched 2200/2500 (page)
  fetched 2400/2500 (page)
  fetched 2500/2500 (page)
  kept=578 winter=568 vsR_pitches=415 vsL_pitches=150
=== [50/83] SJU Roby Enriquez
  fetched 200/2500 (page)
  fetched 400/2500 (page)
  fetched 600/2500 (page)
  fetched 800/2500 (page)
  fetched 1000/2500 (page)
  fetched 1200/2500 (page)
  fetched 1400/2500 (page)
  fetched 1600/2500 (page)
  fetched 1800/2500 (page)
  fetched 2000/2500 (page)
  fetched 2200/2500 (page)
  fetched 2400/2500 (page)
  fetched 2500/2500 (page)
  kept=576 winter=564 vsR_pitches=374 vsL_pitches=188
=== [51/83] PON Chris Arroyo
  fetched 200/2241 (page)
  fetched 400/2241 (page)
  fetched 600/2241 (page)
  fetched 800/2241 (page)
  fetched 1000/2241 (page)
  fetched 1200/2241 (page)
  fetched 1400/2241 (page)
  fetched 1600/2241 (page)
  fetched 1800/2241 (page)
  fetched 2000/2241 (page)
  fetched 2200/2241 (page)
  fetched 2241/2241 (page)
  kept=528 winter=198 vsR_pitches=422 vsL_pitches=100
=== [52/83] PON Matt Bottcher
  fetched 200/2500 (page)
  fetched 400/2500 (page)
  fetched 600/2500 (page)
  fetched 800/2500 (page)
  fetched 1000/2500 (page)
  fetched 1200/2500 (page)
  fetched 1400/2500 (page)
  fetched 1600/2500 (page)
  fetched 1800/2500 (page)
  fetched 2000/2500 (page)
  fetched 2200/2500 (page)
  fetched 2400/2500 (page)
  fetched 2500/2500 (page)
  kept=520 winter=406 vsR_pitches=360 vsL_pitches=150
=== [53/83] CAR Steven Ondina
  fetched 200/2500 (page)
  fetched 400/2500 (page)
  fetched 600/2500 (page)
  fetched 800/2500 (page)
  fetched 1000/2500 (page)
  fetched 1200/2500 (page)
  fetched 1400/2500 (page)
  fetched 1600/2500 (page)
  fetched 1800/2500 (page)
  fetched 2000/2500 (page)
  fetched 2200/2500 (page)
  fetched 2400/2500 (page)
  fetched 2500/2500 (page)
  kept=502 winter=305 vsR_pitches=362 vsL_pitches=129
=== [54/83] SJU Delvin Pérez
  fetched 200/2500 (page)
  fetched 400/2500 (page)
  fetched 600/2500 (page)
  fetched 800/2500 (page)
  fetched 1000/2500 (page)
  fetched 1200/2500 (page)
  fetched 1400/2500 (page)
  fetched 1600/2500 (page)
  fetched 1800/2500 (page)
  fetched 2000/2500 (page)
  fetched 2200/2500 (page)
  fetched 2400/2500 (page)
  fetched 2500/2500 (page)
  kept=491 winter=491 vsR_pitches=330 vsL_pitches=154
=== [55/83] SJU Kenen Irizarry
  fetched 200/2500 (page)
  fetched 400/2500 (page)
  fetched 600/2500 (page)
  fetched 800/2500 (page)
  fetched 1000/2500 (page)
  fetched 1200/2500 (page)
  fetched 1400/2500 (page)
  fetched 1600/2500 (page)
  fetched 1800/2500 (page)
  fetched 2000/2500 (page)
  fetched 2200/2500 (page)
  fetched 2400/2500 (page)
  fetched 2500/2500 (page)
  kept=443 winter=443 vsR_pitches=335 vsL_pitches=99
=== [56/83] PON Juan Montero
  fetched 200/1632 (page)
  fetched 400/1632 (page)
  fetched 600/1632 (page)
  fetched 800/1632 (page)
  fetched 1000/1632 (page)
  fetched 1200/1632 (page)
  fetched 1400/1632 (page)
  fetched 1600/1632 (page)
  fetched 1632/1632 (page)
  kept=433 winter=46 vsR_pitches=332 vsL_pitches=86
=== [57/83] SJU Jadiel Sanchez
  fetched 200/2500 (page)
  fetched 400/2500 (page)
  fetched 600/2500 (page)
  fetched 800/2500 (page)
  fetched 1000/2500 (page)
  fetched 1200/2500 (page)
  fetched 1400/2500 (page)
  fetched 1600/2500 (page)
  fetched 1800/2500 (page)
  fetched 2000/2500 (page)
  fetched 2200/2500 (page)
  fetched 2400/2500 (page)
  fetched 2500/2500 (page)
  kept=420 winter=420 vsR_pitches=255 vsL_pitches=154
=== [58/83] MAY Mario Feliciano
  fetched 200/2500 (page)
  fetched 400/2500 (page)
  fetched 600/2500 (page)
  fetched 800/2500 (page)
  fetched 1000/2500 (page)
  fetched 1200/2500 (page)
  fetched 1400/2500 (page)
  fetched 1600/2500 (page)
  fetched 1800/2500 (page)
  fetched 2000/2500 (page)
  fetched 2200/2500 (page)
  fetched 2400/2500 (page)
  fetched 2500/2500 (page)
  kept=381 winter=209 vsR_pitches=252 vsL_pitches=126
=== [59/83] SJU D'Shawn Knowles
  fetched 200/2500 (page)
  fetched 400/2500 (page)
  fetched 600/2500 (page)
  fetched 800/2500 (page)
  fetched 1000/2500 (page)
  fetched 1200/2500 (page)
  fetched 1400/2500 (page)
  fetched 1600/2500 (page)
  fetched 1800/2500 (page)
  fetched 2000/2500 (page)
  fetched 2200/2500 (page)
  fetched 2400/2500 (page)
  fetched 2500/2500 (page)
  kept=350 winter=350 vsR_pitches=203 vsL_pitches=138
=== [60/83] CAG Gustavo Melendez
  fetched 200/699 (page)
  fetched 400/699 (page)
  fetched 600/699 (page)
  fetched 699/699 (page)
  kept=319 winter=314 vsR_pitches=262 vsL_pitches=53
=== [61/83] PON Aldemar Burgos
  fetched 200/1217 (page)
  fetched 400/1217 (page)
  fetched 600/1217 (page)
  fetched 800/1217 (page)
  fetched 1000/1217 (page)
  fetched 1200/1217 (page)
  fetched 1217/1217 (page)
  kept=321 winter=321 vsR_pitches=149 vsL_pitches=162
=== [62/83] CAG Jonathan Morales
  fetched 200/2500 (page)
  fetched 400/2500 (page)
  fetched 600/2500 (page)
  fetched 800/2500 (page)
  fetched 1000/2500 (page)
  fetched 1200/2500 (page)
  events HTTP 401 id=5abcb5322cb661f293636a79 skip=1200
  kept=298 winter=298 vsR_pitches=189 vsL_pitches=106
=== [63/83] PON John Montes
  events HTTP 401 id=6021ce6a620705ab60a19cde skip=0
=== [64/83] PON Kevin Santa
  events HTTP 401 id=5a4ccd8cc6deb2ec2b6b25b9 skip=0
=== [65/83] PON Alex Dickerson
  events HTTP 401 id=573d70ab080cc2cbe8bf3190 skip=0
=== [66/83] SJU Jan Mercado
  events HTTP 401 id=5f76893eb0dfa00001ef99f5 skip=0
=== [67/83] MAY Yadiel Rivera
  events HTTP 401 id=573d70d1080cc2cbe8bf320a skip=0
=== [68/83] SJU Victor Torres
  events HTTP 401 id=5fd12a915fe05a0e9fc11608 skip=0
=== [69/83] SJU Narciso Crook
  events HTTP 401 id=5abcb5322cb661f29363718f skip=0
=== [70/83] SJU Alan Marrero
  events HTTP 401 id=5e66e7d37455336e87b14a71 skip=0
=== [71/83] MAY Rey Fuentes
  events HTTP 401 id=573d705e080cc2cbe8bf3029 skip=0
=== [72/83] SJU Glenn Santiago
  events HTTP 401 id=5fd12a915fe05a0e9fc11256 skip=0
=== [73/83] SJU Luis Curbelo
  events HTTP 401 id=5c7f7f4785d07ba976980694 skip=0
=== [74/83] MAY Drew Mendoza
  events HTTP 401 id=603bf7005fe05a0e9f942536 skip=0
=== [75/83] CAG Jancarlos Cintron
  events HTTP 401 id=5c8f4410f52909811ed20a91 skip=0
=== [76/83] MAY Jeremy Rivera
  events HTTP 401 id=5abcb5312cb661f293635c2a skip=0
=== [77/83] MAY Robbie Merced
  events HTTP 401 id=5a6e1a33da5c2a6aa44a3705 skip=0
=== [78/83] PON Yeniel Laboy
  events HTTP 401 id=5f83cdd3d9b60b00014e1b30 skip=0
=== [79/83] PON Ozzie Martínez
  events HTTP 401 id=5a4cb9b8c6deb2ec2b17b5a0 skip=0
=== [80/83] CAR Roberto Peña
  events HTTP 401 id=5a4cb9b9c6deb2ec2b17c211 skip=0
=== [81/83] SJU Abdel Guadalupe
  events HTTP 401 id=5e52ca0f7455336e875b8167 skip=0
=== [82/83] PON Jankel Ortiz
  events HTTP 401 id=5f82dac41cb0540001a54309 skip=0
=== [83/83] CAR Diego Rosa
  events HTTP 401 id=622156c3710947696be60a46 skip=0
wrote /Users/colbymorris/Santurce2026/data/advance_opposing_hitters.json hitters=83 pitches=99368
spray synergy players=83 → /Users/colbymorris/Santurce2026/data/pregame_spray_charts.json
merged spray into pregame_spray_charts.json
hitters_with_both_hands=62 sample=('Sabin Ceballos', 'CAR', 1663, 804)
DONE
