Synergy login ok
seasons LBPRC [('2025', '6785e5e9501a906266421884')]
seasons LMB [('2026', '69b9af464c7644c026e9c16a'), ('2025', '6785e7cf262bd78ed7eda054')]
seasons MLB [('2026', '699723120d671eb495aa37c7'), ('2025', '6780dc181f418eef00968295')]
seasons MILB [('2026', '69c6b320130119a00efb729c'), ('2025', '6785e7b8501a906266421887')]
  fetched 200/1600 (page)
  fetched 400/1600 (page)
  fetched 600/1600 (page)
  fetched 800/1600 (page)
  fetched 1000/1600 (page)
  fetched 1200/1600 (page)
  fetched 1400/1600 (page)
  fetched 1600/1600 (page)
wrote advance_rodriguez.json
PR roster gate counts {'CAG': {'all': 49, 'hitters': 25}, 'CAR': {'all': 48, 'hitters': 24}, 'MAY': {'all': 40, 'hitters': 20}, 'PON': {'all': 43, 'hitters': 22}, 'SJU': {'all': 46, 'hitters': 23}}
=== Discover PR roster CAG (winter LBPRC) ===
  fetched 200/4000 (page)
  fetched 400/4000 (page)
  fetched 600/4000 (page)
  fetched 800/4000 (page)
  fetched 1000/4000 (page)
  fetched 1200/4000 (page)
  fetched 1400/4000 (page)
  fetched 1600/4000 (page)
  fetched 1800/4000 (page)
  fetched 2000/4000 (page)
  fetched 2200/4000 (page)
  fetched 2400/4000 (page)
  fetched 2600/4000 (page)
  fetched 2800/4000 (page)
  fetched 3000/4000 (page)
  fetched 3200/4000 (page)
  fetched 3400/4000 (page)
  fetched 3600/4000 (page)
  fetched 3800/4000 (page)
  fetched 4000/4000 (page)
  unique batters in team pull=71 events=4000
  roster-gated hitters matched=57 (running total=57)
=== Discover PR roster CAR (winter LBPRC) ===
  fetched 200/4000 (page)
  fetched 400/4000 (page)
  fetched 600/4000 (page)
  fetched 800/4000 (page)
  fetched 1000/4000 (page)
  fetched 1200/4000 (page)
  fetched 1400/4000 (page)
  fetched 1600/4000 (page)
  fetched 1800/4000 (page)
  fetched 2000/4000 (page)
  fetched 2200/4000 (page)
  fetched 2400/4000 (page)
  fetched 2600/4000 (page)
  fetched 2800/4000 (page)
  fetched 3000/4000 (page)
  fetched 3200/4000 (page)
  fetched 3400/4000 (page)
  fetched 3600/4000 (page)
  fetched 3800/4000 (page)
  fetched 4000/4000 (page)
  unique batters in team pull=69 events=4000
  roster-gated hitters matched=17 (running total=74)
=== Discover PR roster MAY (winter LBPRC) ===
  fetched 200/4000 (page)
  fetched 400/4000 (page)
  fetched 600/4000 (page)
  fetched 800/4000 (page)
  fetched 1000/4000 (page)
  fetched 1200/4000 (page)
  fetched 1400/4000 (page)
  fetched 1600/4000 (page)
  fetched 1800/4000 (page)
  fetched 2000/4000 (page)
  fetched 2200/4000 (page)
  fetched 2400/4000 (page)
  fetched 2600/4000 (page)
  fetched 2800/4000 (page)
  fetched 3000/4000 (page)
  fetched 3200/4000 (page)
  fetched 3400/4000 (page)
  fetched 3600/4000 (page)
  fetched 3800/4000 (page)
  fetched 4000/4000 (page)
  unique batters in team pull=85 events=4000
  roster-gated hitters matched=5 (running total=79)
=== Discover PR roster PON (winter LBPRC) ===
  fetched 200/4000 (page)
  fetched 400/4000 (page)
  fetched 600/4000 (page)
  fetched 800/4000 (page)
  fetched 1000/4000 (page)
  fetched 1200/4000 (page)
  fetched 1400/4000 (page)
  fetched 1600/4000 (page)
  fetched 1800/4000 (page)
  fetched 2000/4000 (page)
  fetched 2200/4000 (page)
  fetched 2400/4000 (page)
  fetched 2600/4000 (page)
  fetched 2800/4000 (page)
  fetched 3000/4000 (page)
  fetched 3200/4000 (page)
  fetched 3400/4000 (page)
  fetched 3600/4000 (page)
  fetched 3800/4000 (page)
  fetched 4000/4000 (page)
  unique batters in team pull=53 events=4000
  roster-gated hitters matched=0 (running total=79)
=== Discover PR roster SJU (winter LBPRC) ===
  fetched 200/4000 (page)
  fetched 400/4000 (page)
  fetched 600/4000 (page)
  fetched 800/4000 (page)
  fetched 1000/4000 (page)
  fetched 1200/4000 (page)
  fetched 1400/4000 (page)
  fetched 1600/4000 (page)
  fetched 1800/4000 (page)
  fetched 2000/4000 (page)
  fetched 2200/4000 (page)
  fetched 2400/4000 (page)
  fetched 2600/4000 (page)
  fetched 2800/4000 (page)
  fetched 3000/4000 (page)
  fetched 3200/4000 (page)
  fetched 3400/4000 (page)
  fetched 3600/4000 (page)
  fetched 3800/4000 (page)
  fetched 4000/4000 (page)
  unique batters in team pull=87 events=4000
  roster-gated hitters matched=4 (running total=83)
PR roster-gated Synergy hitters=83
matched by PR team {'CAG': 16, 'CAR': 14, 'MAY': 15, 'PON': 20, 'SJU': 18}
=== [1/83] CAG Bryan Torres · expand winter+summer ===
  fetched 200/2500 (page)
  fetched 400/2500 (page)
  fetched 600/2500 (page)
  fetched 800/2500 (page)
  fetched 1000/2500 (page)
  fetched 1200/2500 (page)
  fetched 1400/2500 (page)
  fetched 1600/2500 (page)
  fetched 1800/2500 (page)
  fetched 2000/2500 (page)
  fetched 2200/2500 (page)
  fetched 2400/2500 (page)
  fetched 2500/2500 (page)
  kept=2308 winter=829 raw_pull=2500 leagues={'MLB': 767, 'MILB': 712, 'LBPRC': 829}
=== [2/83] CAG Enmanuel Valdez · expand winter+summer ===
  fetched 200/2500 (page)
  fetched 400/2500 (page)
  fetched 600/2500 (page)
  fetched 800/2500 (page)
  fetched 1000/2500 (page)
  fetched 1200/2500 (page)
  fetched 1400/2500 (page)
  fetched 1600/2500 (page)
  fetched 1800/2500 (page)
  fetched 2000/2500 (page)
  fetched 2200/2500 (page)
  fetched 2400/2500 (page)
  fetched 2500/2500 (page)
  kept=2436 winter=51 raw_pull=2500 leagues={'MLB': 1274, 'MILB': 2590, 'LBPRC': 880}
=== [3/83] CAG Gustavo Melendez · expand winter+summer ===
  fetched 200/699 (page)
  fetched 400/699 (page)
  fetched 600/699 (page)
  fetched 699/699 (page)
  kept=319 winter=314 raw_pull=699 leagues={'MLB': 1279, 'MILB': 2590, 'LBPRC': 1194}
=== [4/83] CAG Jancarlos Cintron · expand winter+summer ===
  fetched 200/2500 (page)
  fetched 400/2500 (page)
  fetched 600/2500 (page)
  fetched 800/2500 (page)
  fetched 1000/2500 (page)
  fetched 1200/2500 (page)
  fetched 1400/2500 (page)
  fetched 1600/2500 (page)
  fetched 1800/2500 (page)
  fetched 2000/2500 (page)
  fetched 2200/2500 (page)
  fetched 2400/2500 (page)
  fetched 2500/2500 (page)
  kept=102 winter=102 raw_pull=2500 leagues={'MLB': 1279, 'MILB': 2590, 'LBPRC': 1296}
=== [5/83] CAG Jonathan Morales · expand winter+summer ===
  fetched 200/2500 (page)
  fetched 400/2500 (page)
  fetched 600/2500 (page)
  fetched 800/2500 (page)
  fetched 1000/2500 (page)
  fetched 1200/2500 (page)
  fetched 1400/2500 (page)
  fetched 1600/2500 (page)
  fetched 1800/2500 (page)
  fetched 2000/2500 (page)
  fetched 2200/2500 (page)
  fetched 2400/2500 (page)
  fetched 2500/2500 (page)
  kept=298 winter=298 raw_pull=2500 leagues={'MLB': 1279, 'MILB': 2590, 'LBPRC': 1594}
=== [6/83] CAG Jose F Miranda · expand winter+summer ===
  fetched 200/2500 (page)
  fetched 400/2500 (page)
  fetched 600/2500 (page)
  fetched 800/2500 (page)
  fetched 1000/2500 (page)
  fetched 1200/2500 (page)
  fetched 1400/2500 (page)
  fetched 1600/2500 (page)
  fetched 1800/2500 (page)
  fetched 2000/2500 (page)
  fetched 2200/2500 (page)
  fetched 2400/2500 (page)
  fetched 2500/2500 (page)
  kept=2500 winter=505 raw_pull=2500 leagues={'MLB': 1372, 'MILB': 4100, 'LBPRC': 2099, 'LMB': 392}
=== [7/83] CAG Kristian Campbell · expand winter+summer ===
  fetched 200/2500 (page)
  fetched 400/2500 (page)
  fetched 600/2500 (page)
  fetched 800/2500 (page)
  fetched 1000/2500 (page)
  fetched 1200/2500 (page)
  fetched 1400/2500 (page)
  fetched 1600/2500 (page)
  fetched 1800/2500 (page)
  fetched 2000/2500 (page)
  fetched 2200/2500 (page)
  fetched 2400/2500 (page)
  fetched 2500/2500 (page)
  kept=2487 winter=279 raw_pull=2500 leagues={'MLB': 1459, 'MILB': 6221, 'LBPRC': 2378, 'LMB': 392}
=== [8/83] CAG Luis Vázquez · expand winter+summer ===
  fetched 200/2500 (page)
  fetched 400/2500 (page)
  fetched 600/2500 (page)
  fetched 800/2500 (page)
  fetched 1000/2500 (page)
  fetched 1200/2500 (page)
  fetched 1400/2500 (page)
  fetched 1600/2500 (page)
  fetched 1800/2500 (page)
  fetched 2000/2500 (page)
  fetched 2200/2500 (page)
  fetched 2400/2500 (page)
  fetched 2500/2500 (page)
  kept=2469 winter=689 raw_pull=2500 leagues={'MLB': 1680, 'MILB': 7780, 'LBPRC': 3067, 'LMB': 392}
=== [9/83] CAG MJ Melendez · expand winter+summer ===
  fetched 200/2500 (page)
  fetched 400/2500 (page)
  fetched 600/2500 (page)
  fetched 800/2500 (page)
  fetched 1000/2500 (page)
  fetched 1200/2500 (page)
  fetched 1400/2500 (page)
  fetched 1600/2500 (page)
  fetched 1800/2500 (page)
  fetched 2000/2500 (page)
  fetched 2200/2500 (page)
  fetched 2400/2500 (page)
  fetched 2500/2500 (page)
  kept=2442 winter=307 raw_pull=2500 leagues={'MLB': 2310, 'MILB': 9285, 'LBPRC': 3374, 'LMB': 392}
=== [10/83] CAG Manny Garcia · expand winter+summer ===
  fetched 200/2500 (page)
  fetched 400/2500 (page)
  fetched 600/2500 (page)
  fetched 800/2500 (page)
  fetched 1000/2500 (page)
  fetched 1200/2500 (page)
  fetched 1400/2500 (page)
  fetched 1600/2500 (page)
  fetched 1800/2500 (page)
  fetched 2000/2500 (page)
  fetched 2200/2500 (page)
  fetched 2400/2500 (page)
  fetched 2500/2500 (page)
  kept=625 winter=184 raw_pull=2500 leagues={'MLB': 2310, 'MILB': 9285, 'LBPRC': 3558, 'LMB': 833}
=== [11/83] CAG Nelson Velázquez · expand winter+summer ===
  fetched 200/2500 (page)
  fetched 400/2500 (page)
  fetched 600/2500 (page)
  fetched 800/2500 (page)
  fetched 1000/2500 (page)
  fetched 1200/2500 (page)
  fetched 1400/2500 (page)
  fetched 1600/2500 (page)
  fetched 1800/2500 (page)
  fetched 2000/2500 (page)
  fetched 2200/2500 (page)
  fetched 2400/2500 (page)
  fetched 2500/2500 (page)
  kept=2328 winter=843 raw_pull=2500 leagues={'MLB': 2917, 'MILB': 10163, 'LBPRC': 4401, 'LMB': 833}
=== [12/83] CAG Noah Myers · expand winter+summer ===
  fetched 200/2500 (page)
  fetched 400/2500 (page)
  fetched 600/2500 (page)
  fetched 800/2500 (page)
  fetched 1000/2500 (page)
  fetched 1200/2500 (page)
  fetched 1400/2500 (page)
  fetched 1600/2500 (page)
  fetched 1800/2500 (page)
  fetched 2000/2500 (page)
  fetched 2200/2500 (page)
  fetched 2400/2500 (page)
  fetched 2500/2500 (page)
  kept=2500 winter=434 raw_pull=2500 leagues={'MLB': 2919, 'MILB': 12227, 'LBPRC': 4835, 'LMB': 833}
=== [13/83] CAG Onix Vega · expand winter+summer ===
  fetched 200/2500 (page)
  fetched 400/2500 (page)
  fetched 600/2500 (page)
  fetched 800/2500 (page)
  fetched 1000/2500 (page)
  fetched 1200/2500 (page)
  fetched 1400/2500 (page)
  fetched 1600/2500 (page)
  fetched 1800/2500 (page)
  fetched 2000/2500 (page)
  fetched 2200/2500 (page)
  fetched 2400/2500 (page)
  fetched 2500/2500 (page)
  kept=876 winter=371 raw_pull=2500 leagues={'MLB': 2919, 'MILB': 12732, 'LBPRC': 5206, 'LMB': 833}
=== [14/83] CAG Tomás Nido · expand winter+summer ===
  fetched 200/2500 (page)
  fetched 400/2500 (page)
  fetched 600/2500 (page)
  fetched 800/2500 (page)
  fetched 1000/2500 (page)
  fetched 1200/2500 (page)
  fetched 1400/2500 (page)
  fetched 1600/2500 (page)
  fetched 1800/2500 (page)
  fetched 2000/2500 (page)
  fetched 2200/2500 (page)
  fetched 2400/2500 (page)
  fetched 2500/2500 (page)
  kept=1735 winter=130 raw_pull=2500 leagues={'MLB': 3130, 'MILB': 14126, 'LBPRC': 5336, 'LMB': 833}
=== [15/83] CAG Vimael Machín · expand winter+summer ===
  fetched 200/2500 (page)
  fetched 400/2500 (page)
  fetched 600/2500 (page)
  fetched 800/2500 (page)
  fetched 1000/2500 (page)
  fetched 1200/2500 (page)
  fetched 1400/2500 (page)
  fetched 1600/2500 (page)
  fetched 1800/2500 (page)
  fetched 2000/2500 (page)
  fetched 2200/2500 (page)
  fetched 2400/2500 (page)
  fetched 2500/2500 (page)
  kept=2500 winter=467 raw_pull=2500 leagues={'MLB': 3196, 'MILB': 16093, 'LBPRC': 5803, 'LMB': 833}
=== [16/83] CAG Willy Vasquez · expand winter+summer ===
  fetched 200/2500 (page)
  fetched 400/2500 (page)
  fetched 600/2500 (page)
  fetched 800/2500 (page)
  fetched 1000/2500 (page)
  fetched 1200/2500 (page)
  fetched 1400/2500 (page)
  fetched 1600/2500 (page)
  fetched 1800/2500 (page)
  fetched 2000/2500 (page)
  fetched 2200/2500 (page)
  fetched 2400/2500 (page)
  fetched 2500/2500 (page)
  kept=1824 winter=56 raw_pull=2500 leagues={'MLB': 3262, 'MILB': 17795, 'LBPRC': 5859, 'LMB': 833}
=== [17/83] CAR Abimelec Ortiz · expand winter+summer ===
  fetched 200/2500 (page)
  fetched 400/2500 (page)
  fetched 600/2500 (page)
  fetched 800/2500 (page)
  fetched 1000/2500 (page)
  fetched 1200/2500 (page)
  fetched 1400/2500 (page)
  fetched 1600/2500 (page)
  fetched 1800/2500 (page)
  fetched 2000/2500 (page)
  fetched 2200/2500 (page)
  fetched 2400/2500 (page)
  fetched 2500/2500 (page)
  kept=2500 winter=392 raw_pull=2500 leagues={'MLB': 3890, 'MILB': 19275, 'LBPRC': 6251, 'LMB': 833}
=== [18/83] CAR Adrian Rodriguez · expand winter+summer ===
  fetched 200/2500 (page)
  fetched 400/2500 (page)
  fetched 600/2500 (page)
  fetched 800/2500 (page)
  fetched 1000/2500 (page)
  fetched 1200/2500 (page)
  fetched 1400/2500 (page)
  fetched 1600/2500 (page)
  fetched 1800/2500 (page)
  fetched 2000/2500 (page)
  fetched 2200/2500 (page)
  fetched 2400/2500 (page)
  fetched 2500/2500 (page)
  kept=2376 winter=125 raw_pull=2500 leagues={'MLB': 3890, 'MILB': 21526, 'LBPRC': 6376, 'LMB': 833}
=== [19/83] CAR Deniel Ortiz · expand winter+summer ===
  fetched 200/2500 (page)
  fetched 400/2500 (page)
  fetched 600/2500 (page)
  fetched 800/2500 (page)
  fetched 1000/2500 (page)
  fetched 1200/2500 (page)
  fetched 1400/2500 (page)
  fetched 1600/2500 (page)
  fetched 1800/2500 (page)
  fetched 2000/2500 (page)
  fetched 2200/2500 (page)
  fetched 2400/2500 (page)
  fetched 2500/2500 (page)
  kept=2500 winter=660 raw_pull=2500 leagues={'MLB': 3898, 'MILB': 23358, 'LBPRC': 7036, 'LMB': 833}
=== [20/83] CAR Diego Rosa · expand winter+summer ===
  fetched 136/136 (page)
  kept=3 winter=3 raw_pull=136 leagues={'MLB': 3898, 'MILB': 23358, 'LBPRC': 7039, 'LMB': 833}
=== [21/83] CAR Ezequiel Pagan · expand winter+summer ===
  fetched 200/2500 (page)
  fetched 400/2500 (page)
  fetched 600/2500 (page)
  fetched 800/2500 (page)
  fetched 1000/2500 (page)
  fetched 1200/2500 (page)
  fetched 1400/2500 (page)
  fetched 1600/2500 (page)
  fetched 1800/2500 (page)
  fetched 2000/2500 (page)
  fetched 2200/2500 (page)
  fetched 2400/2500 (page)
  fetched 2500/2500 (page)
  kept=578 winter=568 raw_pull=2500 leagues={'MLB': 3898, 'MILB': 23368, 'LBPRC': 7607, 'LMB': 833}
=== [22/83] CAR Felix Stevens · expand winter+summer ===
  fetched 200/2500 (page)
  fetched 400/2500 (page)
  fetched 600/2500 (page)
  fetched 800/2500 (page)
  fetched 1000/2500 (page)
  fetched 1200/2500 (page)
  fetched 1400/2500 (page)
  fetched 1600/2500 (page)
  fetched 1800/2500 (page)
  fetched 2000/2500 (page)
  fetched 2200/2500 (page)
  fetched 2400/2500 (page)
  fetched 2500/2500 (page)
  kept=749 winter=145 raw_pull=2500 leagues={'MLB': 3917, 'MILB': 23953, 'LBPRC': 7752, 'LMB': 833}
=== [23/83] CAR J.D. Gonzalez · expand winter+summer ===
  fetched 200/2500 (page)
  fetched 400/2500 (page)
  fetched 600/2500 (page)
  fetched 800/2500 (page)
  fetched 1000/2500 (page)
  fetched 1200/2500 (page)
  fetched 1400/2500 (page)
  fetched 1600/2500 (page)
  fetched 1800/2500 (page)
  fetched 2000/2500 (page)
  fetched 2200/2500 (page)
  fetched 2400/2500 (page)
  fetched 2500/2500 (page)
  kept=1774 winter=142 raw_pull=2500 leagues={'MLB': 3917, 'MILB': 25585, 'LBPRC': 7894, 'LMB': 833}
=== [24/83] CAR Jan Hernandez · expand winter+summer ===
  fetched 200/2500 (page)
  fetched 400/2500 (page)
  fetched 600/2500 (page)
  fetched 800/2500 (page)
  fetched 1000/2500 (page)
  fetched 1200/2500 (page)
  fetched 1400/2500 (page)
  fetched 1600/2500 (page)
  fetched 1800/2500 (page)
  fetched 2000/2500 (page)
  fetched 2200/2500 (page)
  fetched 2400/2500 (page)
  fetched 2500/2500 (page)
  kept=583 winter=583 raw_pull=2500 leagues={'MLB': 3917, 'MILB': 25585, 'LBPRC': 8477, 'LMB': 833}
=== [25/83] CAR Johnathan Rodríguez · expand winter+summer ===
  fetched 200/2500 (page)
  fetched 400/2500 (page)
  fetched 600/2500 (page)
  fetched 800/2500 (page)
  fetched 1000/2500 (page)
  fetched 1200/2500 (page)
  fetched 1400/2500 (page)
  fetched 1600/2500 (page)
  fetched 1800/2500 (page)
  fetched 2000/2500 (page)
  fetched 2200/2500 (page)
  fetched 2400/2500 (page)
  fetched 2500/2500 (page)
  kept=2500 winter=559 raw_pull=2500 leagues={'MLB': 4018, 'MILB': 27425, 'LBPRC': 9036, 'LMB': 833}
=== [26/83] CAR Josh Hatcher · expand winter+summer ===
  fetched 200/2500 (page)
  fetched 400/2500 (page)
  fetched 600/2500 (page)
  fetched 800/2500 (page)
  fetched 1000/2500 (page)
  fetched 1200/2500 (page)
  fetched 1400/2500 (page)
  fetched 1600/2500 (page)
  fetched 1800/2500 (page)
  fetched 2000/2500 (page)
  fetched 2200/2500 (page)
  fetched 2400/2500 (page)
  fetched 2500/2500 (page)
  kept=1796 winter=496 raw_pull=2500 leagues={'MLB': 4027, 'MILB': 28716, 'LBPRC': 9532, 'LMB': 833}
=== [27/83] CAR Miguel Pabon · expand winter+summer ===
  fetched 200/2500 (page)
  fetched 400/2500 (page)
  fetched 600/2500 (page)
  fetched 800/2500 (page)
  fetched 1000/2500 (page)
  fetched 1200/2500 (page)
  fetched 1400/2500 (page)
  fetched 1600/2500 (page)
  fetched 1800/2500 (page)
  fetched 2000/2500 (page)
  fetched 2200/2500 (page)
  fetched 2400/2500 (page)
  fetched 2500/2500 (page)
  kept=1163 winter=280 raw_pull=2500 leagues={'MLB': 4027, 'MILB': 29599, 'LBPRC': 9812, 'LMB': 833}
=== [28/83] CAR Roberto Peña · expand winter+summer ===
  fetched 200/2104 (page)
  fetched 400/2104 (page)
  fetched 600/2104 (page)
  fetched 800/2104 (page)
  fetched 1000/2104 (page)
  fetched 1200/2104 (page)
  fetched 1400/2104 (page)
  fetched 1600/2104 (page)
  fetched 1800/2104 (page)
  fetched 2000/2104 (page)
  fetched 2104/2104 (page)
  kept=68 winter=68 raw_pull=2104 leagues={'MLB': 4027, 'MILB': 29599, 'LBPRC': 9880, 'LMB': 833}
=== [29/83] CAR Sabin Ceballos · expand winter+summer ===
  fetched 200/2500 (page)
  fetched 400/2500 (page)
  fetched 600/2500 (page)
  fetched 800/2500 (page)
  fetched 1000/2500 (page)
  fetched 1200/2500 (page)
  fetched 1400/2500 (page)
  fetched 1600/2500 (page)
  fetched 1800/2500 (page)
  fetched 2000/2500 (page)
  fetched 2200/2500 (page)
  fetched 2400/2500 (page)
  fetched 2500/2500 (page)
  kept=2500 winter=204 raw_pull=2500 leagues={'MLB': 4027, 'MILB': 31895, 'LBPRC': 10084, 'LMB': 833}
=== [30/83] CAR Steven Ondina · expand winter+summer ===
  fetched 200/2500 (page)
  fetched 400/2500 (page)
  fetched 600/2500 (page)
  fetched 800/2500 (page)
  fetched 1000/2500 (page)
  fetched 1200/2500 (page)
  fetched 1400/2500 (page)
  fetched 1600/2500 (page)
  fetched 1800/2500 (page)
  fetched 2000/2500 (page)
  fetched 2200/2500 (page)
  fetched 2400/2500 (page)
  fetched 2500/2500 (page)
  kept=502 winter=305 raw_pull=2500 leagues={'MLB': 4027, 'MILB': 32092, 'LBPRC': 10389, 'LMB': 833}
=== [31/83] MAY Anthony García · expand winter+summer ===
  fetched 200/2500 (page)
  fetched 400/2500 (page)
  fetched 600/2500 (page)
  fetched 800/2500 (page)
  fetched 1000/2500 (page)
  fetched 1200/2500 (page)
  fetched 1400/2500 (page)
  fetched 1600/2500 (page)
  fetched 1800/2500 (page)
  fetched 2000/2500 (page)
  fetched 2200/2500 (page)
  fetched 2400/2500 (page)
  fetched 2500/2500 (page)
  kept=913 winter=667 raw_pull=2500 leagues={'MLB': 4027, 'MILB': 32092, 'LBPRC': 11056, 'LMB': 1079}
=== [32/83] MAY Danny Ortiz · expand winter+summer ===
  fetched 200/2500 (page)
  fetched 400/2500 (page)
  fetched 600/2500 (page)
  fetched 800/2500 (page)
  fetched 1000/2500 (page)
  fetched 1200/2500 (page)
  fetched 1400/2500 (page)
  fetched 1600/2500 (page)
  fetched 1800/2500 (page)
  fetched 2000/2500 (page)
  fetched 2200/2500 (page)
  fetched 2400/2500 (page)
  fetched 2500/2500 (page)
  kept=2058 winter=607 raw_pull=2500 leagues={'MLB': 4027, 'MILB': 32092, 'LBPRC': 11663, 'LMB': 2530}
=== [33/83] MAY Darell Hernaiz · expand winter+summer ===
  fetched 200/2500 (page)
  fetched 400/2500 (page)
  fetched 600/2500 (page)
  fetched 800/2500 (page)
  fetched 1000/2500 (page)
  fetched 1200/2500 (page)
  fetched 1400/2500 (page)
  fetched 1600/2500 (page)
  fetched 1800/2500 (page)
  fetched 2000/2500 (page)
  fetched 2200/2500 (page)
  fetched 2400/2500 (page)
  fetched 2500/2500 (page)
  kept=2400 winter=148 raw_pull=2500 leagues={'MLB': 5331, 'MILB': 33040, 'LBPRC': 11811, 'LMB': 2530}
=== [34/83] MAY Drew Mendoza · expand winter+summer ===
  fetched 200/2500 (page)
  fetched 400/2500 (page)
  fetched 600/2500 (page)
  fetched 800/2500 (page)
  fetched 1000/2500 (page)
  fetched 1200/2500 (page)
  fetched 1400/2500 (page)
  fetched 1600/2500 (page)
  fetched 1800/2500 (page)
  fetched 2000/2500 (page)
  fetched 2200/2500 (page)
  fetched 2400/2500 (page)
  fetched 2500/2500 (page)
  kept=131 winter=131 raw_pull=2500 leagues={'MLB': 5331, 'MILB': 33040, 'LBPRC': 11942, 'LMB': 2530}
=== [35/83] MAY Eddie Rosario · expand winter+summer ===
  fetched 200/2500 (page)
  fetched 400/2500 (page)
  fetched 600/2500 (page)
  fetched 800/2500 (page)
  fetched 1000/2500 (page)
  fetched 1200/2500 (page)
  fetched 1400/2500 (page)
  fetched 1600/2500 (page)
  fetched 1800/2500 (page)
  fetched 2000/2500 (page)
  fetched 2200/2500 (page)
  fetched 2400/2500 (page)
  fetched 2500/2500 (page)
  kept=1294 winter=600 raw_pull=2500 leagues={'MLB': 5392, 'MILB': 33673, 'LBPRC': 12542, 'LMB': 2530}
=== [36/83] MAY Isan Díaz · expand winter+summer ===
  fetched 200/2500 (page)
  fetched 400/2500 (page)
  fetched 600/2500 (page)
  fetched 800/2500 (page)
  fetched 1000/2500 (page)
  fetched 1200/2500 (page)
  fetched 1400/2500 (page)
  fetched 1600/2500 (page)
  fetched 1800/2500 (page)
  fetched 2000/2500 (page)
  fetched 2200/2500 (page)
  fetched 2400/2500 (page)
  fetched 2500/2500 (page)
  kept=2427 winter=787 raw_pull=2500 leagues={'MLB': 5392, 'MILB': 33673, 'LBPRC': 13329, 'LMB': 4170}
=== [37/83] MAY Ivan Luciano · expand winter+summer ===
  fetched 200/2008 (page)
  fetched 400/2008 (page)
  fetched 600/2008 (page)
  fetched 800/2008 (page)
  fetched 1000/2008 (page)
  fetched 1200/2008 (page)
  fetched 1400/2008 (page)
  fetched 1600/2008 (page)
  fetched 1800/2008 (page)
  fetched 2000/2008 (page)
  fetched 2008/2008 (page)
  kept=1826 winter=45 raw_pull=2008 leagues={'MLB': 5402, 'MILB': 35444, 'LBPRC': 13374, 'LMB': 4170}
=== [38/83] MAY Jeremy Rivera · expand winter+summer ===
  fetched 200/2500 (page)
  fetched 400/2500 (page)
  fetched 600/2500 (page)
  fetched 800/2500 (page)
  fetched 1000/2500 (page)
  fetched 1200/2500 (page)
  fetched 1400/2500 (page)
