Synergy login ok
=== [1/83] CAR Sabin Ceballos
  fetched 400/2500 (page)
  fetched 800/2500 (page)
  fetched 1200/2500 (page)
  fetched 1600/2500 (page)
  fetched 2000/2500 (page)
  fetched 2400/2500 (page)
  fetched 2500/2500 (page)
  kept=2500 winter=204 vsR_pitches=1663 vsL_pitches=807
=== [2/83] CAR Deniel Ortiz
  fetched 400/2500 (page)
  fetched 800/2500 (page)
  fetched 1200/2500 (page)
  fetched 1600/2500 (page)
  fetched 2000/2500 (page)
  fetched 2400/2500 (page)
  fetched 2500/2500 (page)
  kept=2500 winter=660 vsR_pitches=1835 vsL_pitches=629
=== [3/83] PON Sammy Hernandez
  fetched 400/2500 (page)
  fetched 800/2500 (page)
  fetched 1200/2500 (page)
  fetched 1600/2500 (page)
  fetched 2000/2500 (page)
  fetched 2400/2500 (page)
  fetched 2500/2500 (page)
  kept=2500 winter=392 vsR_pitches=1823 vsL_pitches=639
=== [4/83] SJU Yariel Gonzalez
  fetched 400/2500 (page)
  fetched 800/2500 (page)
  fetched 1200/2500 (page)
  fetched 1600/2500 (page)
  fetched 2000/2500 (page)
  fetched 2400/2500 (page)
  fetched 2500/2500 (page)
  kept=2500 winter=614 vsR_pitches=1809 vsL_pitches=651
=== [5/83] CAG Jose F Miranda
  fetched 400/2500 (page)
  fetched 800/2500 (page)
  fetched 1200/2500 (page)
  fetched 1600/2500 (page)
  fetched 2000/2500 (page)
  fetched 2400/2500 (page)
  fetched 2500/2500 (page)
  kept=2500 winter=505 vsR_pitches=1869 vsL_pitches=589
=== [6/83] PON Matthew Batten
  fetched 400/2500 (page)
  fetched 800/2500 (page)
  fetched 1200/2500 (page)
  fetched 1600/2500 (page)
  fetched 2000/2500 (page)
  fetched 2400/2500 (page)
  fetched 2500/2500 (page)
  kept=2500 winter=381 vsR_pitches=1954 vsL_pitches=504
=== [7/83] CAG Kristian Campbell
  fetched 400/2500 (page)
  fetched 800/2500 (page)
  fetched 1200/2500 (page)
  fetched 1600/2500 (page)
  fetched 2000/2500 (page)
  fetched 2400/2500 (page)
  fetched 2500/2500 (page)
  kept=2487 winter=279 vsR_pitches=1980 vsL_pitches=470
=== [8/83] CAG Vimael Machín
  fetched 400/2500 (page)
  fetched 800/2500 (page)
  fetched 1200/2500 (page)
  fetched 1600/2500 (page)
  fetched 2000/2500 (page)
  fetched 2400/2500 (page)
  fetched 2500/2500 (page)
  kept=2500 winter=467 vsR_pitches=1746 vsL_pitches=704
=== [9/83] CAR Johnathan Rodríguez
  fetched 400/2500 (page)
  fetched 800/2500 (page)
  fetched 1200/2500 (page)
  fetched 1600/2500 (page)
  fetched 2000/2500 (page)
  fetched 2400/2500 (page)
  fetched 2500/2500 (page)
  kept=2500 winter=559 vsR_pitches=1783 vsL_pitches=665
=== [10/83] CAR Abimelec Ortiz
  fetched 400/2500 (page)
  fetched 800/2500 (page)
  fetched 1200/2500 (page)
  fetched 1600/2500 (page)
  fetched 2000/2500 (page)
  fetched 2400/2500 (page)
  fetched 2500/2500 (page)
  kept=2500 winter=392 vsR_pitches=1944 vsL_pitches=501
=== [11/83] PON Jacob Berry
  fetched 400/2500 (page)
  fetched 800/2500 (page)
  fetched 1200/2500 (page)
  fetched 1600/2500 (page)
  fetched 2000/2500 (page)
  fetched 2400/2500 (page)
  fetched 2500/2500 (page)
  kept=2500 winter=350 vsR_pitches=1875 vsL_pitches=558
=== [12/83] CAG Noah Myers
  fetched 400/2500 (page)
  fetched 800/2500 (page)
  fetched 1200/2500 (page)
  fetched 1600/2500 (page)
  fetched 2000/2500 (page)
  fetched 2400/2500 (page)
  fetched 2500/2500 (page)
  kept=2500 winter=434 vsR_pitches=1829 vsL_pitches=602
=== [13/83] CAG Luis Vázquez
  fetched 400/2500 (page)
  fetched 800/2500 (page)
  fetched 1200/2500 (page)
  fetched 1600/2500 (page)
  fetched 2000/2500 (page)
  fetched 2400/2500 (page)
  fetched 2500/2500 (page)
  kept=2469 winter=689 vsR_pitches=1892 vsL_pitches=532
=== [14/83] MAY Matthew Lugo
  fetched 400/2500 (page)
  fetched 800/2500 (page)
  fetched 1200/2500 (page)
  fetched 1600/2500 (page)
  fetched 2000/2500 (page)
  fetched 2400/2500 (page)
  fetched 2500/2500 (page)
  kept=2446 winter=420 vsR_pitches=1744 vsL_pitches=668
=== [15/83] CAG MJ Melendez
  fetched 400/2500 (page)
  fetched 800/2500 (page)
  fetched 1200/2500 (page)
  fetched 1600/2500 (page)
  fetched 2000/2500 (page)
  fetched 2400/2500 (page)
  fetched 2500/2500 (page)
  kept=2442 winter=307 vsR_pitches=1964 vsL_pitches=430
=== [16/83] PON Gabriel Cancel
  fetched 400/2500 (page)
  fetched 800/2500 (page)
  fetched 1200/2500 (page)
  fetched 1600/2500 (page)
  fetched 2000/2500 (page)
  fetched 2400/2500 (page)
  fetched 2500/2500 (page)
  kept=2425 winter=683 vsR_pitches=1827 vsL_pitches=563
=== [17/83] SJU Randal Diaz
  fetched 400/2500 (page)
  fetched 800/2500 (page)
  fetched 1200/2500 (page)
  fetched 1600/2500 (page)
  fetched 2000/2500 (page)
  fetched 2400/2500 (page)
  fetched 2500/2500 (page)
  kept=2427 winter=314 vsR_pitches=1886 vsL_pitches=503
=== [18/83] MAY Isan Díaz
  fetched 400/2500 (page)
  fetched 800/2500 (page)
  fetched 1200/2500 (page)
  fetched 1600/2500 (page)
  fetched 2000/2500 (page)
  fetched 2400/2500 (page)
  fetched 2500/2500 (page)
  kept=2427 winter=787 vsR_pitches=1714 vsL_pitches=666
=== [19/83] CAG Enmanuel Valdez
  fetched 400/2500 (page)
  fetched 800/2500 (page)
  fetched 1200/2500 (page)
  fetched 1600/2500 (page)
  fetched 2000/2500 (page)
  fetched 2400/2500 (page)
  fetched 2500/2500 (page)
  kept=2436 winter=51 vsR_pitches=1863 vsL_pitches=505
=== [20/83] MAY Darell Hernaiz
  fetched 400/2500 (page)
  fetched 800/2500 (page)
  fetched 1200/2500 (page)
  fetched 1600/2500 (page)
  fetched 2000/2500 (page)
  fetched 2400/2500 (page)
  fetched 2500/2500 (page)
  kept=2400 winter=148 vsR_pitches=1683 vsL_pitches=675
=== [21/83] CAR Adrian Rodriguez
  fetched 400/2500 (page)
  fetched 800/2500 (page)
  fetched 1200/2500 (page)
  fetched 1600/2500 (page)
  fetched 2000/2500 (page)
  fetched 2400/2500 (page)
  fetched 2500/2500 (page)
  kept=2376 winter=125 vsR_pitches=1749 vsL_pitches=591
=== [22/83] MAY Shawn Ross
  fetched 400/2500 (page)
  fetched 800/2500 (page)
  fetched 1200/2500 (page)
  fetched 1600/2500 (page)
  fetched 2000/2500 (page)
  fetched 2400/2500 (page)
  fetched 2500/2500 (page)
  kept=2377 winter=143 vsR_pitches=1777 vsL_pitches=553
=== [23/83] PON Emmanuel Rivera
  fetched 400/2500 (page)
  fetched 800/2500 (page)
  fetched 1200/2500 (page)
  fetched 1600/2500 (page)
  fetched 2000/2500 (page)
  fetched 2400/2500 (page)
  fetched 2500/2500 (page)
  kept=2327 winter=740 vsR_pitches=1699 vsL_pitches=595
=== [24/83] CAG Nelson Velázquez
  fetched 400/2500 (page)
  fetched 800/2500 (page)
  fetched 1200/2500 (page)
  fetched 1600/2500 (page)
  fetched 2000/2500 (page)
  fetched 2400/2500 (page)
  fetched 2500/2500 (page)
  kept=2328 winter=843 vsR_pitches=1476 vsL_pitches=805
=== [25/83] CAG Bryan Torres
  fetched 400/2500 (page)
  fetched 800/2500 (page)
  fetched 1200/2500 (page)
  fetched 1600/2500 (page)
  fetched 2000/2500 (page)
  fetched 2400/2500 (page)
  fetched 2500/2500 (page)
  kept=2308 winter=829 vsR_pitches=1657 vsL_pitches=619
=== [26/83] SJU Calvin Estrada
  fetched 400/2500 (page)
  fetched 800/2500 (page)
  fetched 1200/2500 (page)
  fetched 1600/2500 (page)
  fetched 2000/2500 (page)
  fetched 2400/2500 (page)
  fetched 2500/2500 (page)
  kept=2086 winter=602 vsR_pitches=1537 vsL_pitches=521
=== [27/83] MAY Danny Ortiz
  fetched 400/2500 (page)
  fetched 800/2500 (page)
  fetched 1200/2500 (page)
  fetched 1600/2500 (page)
  fetched 2000/2500 (page)
  fetched 2400/2500 (page)
  fetched 2500/2500 (page)
  kept=2058 winter=607 vsR_pitches=1504 vsL_pitches=516
=== [28/83] PON Edwin Díaz
  fetched 400/2500 (page)
  fetched 800/2500 (page)
  fetched 1200/2500 (page)
  fetched 1600/2500 (page)
  fetched 2000/2500 (page)
  fetched 2400/2500 (page)
  fetched 2500/2500 (page)
  kept=2046 winter=762 vsR_pitches=1415 vsL_pitches=591
=== [29/83] CAG Willy Vasquez
  fetched 400/2500 (page)
  fetched 800/2500 (page)
  fetched 1200/2500 (page)
  fetched 1600/2500 (page)
  fetched 2000/2500 (page)
  fetched 2400/2500 (page)
  fetched 2500/2500 (page)
  kept=1824 winter=56 vsR_pitches=1287 vsL_pitches=517
=== [30/83] MAY Ivan Luciano
  fetched 400/2008 (page)
  fetched 800/2008 (page)
  fetched 1200/2008 (page)
  fetched 1600/2008 (page)
  fetched 2000/2008 (page)
  fetched 2008/2008 (page)
  kept=1826 winter=45 vsR_pitches=1407 vsL_pitches=375
=== [31/83] CAR Josh Hatcher
  fetched 400/2500 (page)
  fetched 800/2500 (page)
  fetched 1200/2500 (page)
  fetched 1600/2500 (page)
  fetched 2000/2500 (page)
  fetched 2400/2500 (page)
  fetched 2500/2500 (page)
  kept=1796 winter=496 vsR_pitches=1376 vsL_pitches=386
=== [32/83] CAR J.D. Gonzalez
  fetched 400/2500 (page)
  fetched 800/2500 (page)
  fetched 1200/2500 (page)
  fetched 1600/2500 (page)
  fetched 2000/2500 (page)
  fetched 2400/2500 (page)
  fetched 2500/2500 (page)
  kept=1774 winter=142 vsR_pitches=1339 vsL_pitches=387
=== [33/83] CAG Tomás Nido
  fetched 400/2500 (page)
  fetched 800/2500 (page)
  fetched 1200/2500 (page)
  fetched 1600/2500 (page)
  fetched 2000/2500 (page)
  fetched 2400/2500 (page)
  fetched 2500/2500 (page)
  kept=1735 winter=130 vsR_pitches=1298 vsL_pitches=402
=== [34/83] PON Dalton Guthrie
  fetched 400/2500 (page)
  fetched 800/2500 (page)
  fetched 1200/2500 (page)
  fetched 1600/2500 (page)
  fetched 2000/2500 (page)
  fetched 2400/2500 (page)
  fetched 2500/2500 (page)
  kept=1607 winter=662 vsR_pitches=1187 vsL_pitches=398
=== [35/83] SJU Kennys Vargas
  fetched 400/2500 (page)
  fetched 800/2500 (page)
  fetched 1200/2500 (page)
  fetched 1600/2500 (page)
  fetched 2000/2500 (page)
  fetched 2400/2500 (page)
  fetched 2500/2500 (page)
  kept=1479 winter=121 vsR_pitches=956 vsL_pitches=501
=== [36/83] SJU Darlin Moquete
  fetched 400/2500 (page)
  fetched 800/2500 (page)
  fetched 1200/2500 (page)
  fetched 1600/2500 (page)
  fetched 2000/2500 (page)
  fetched 2400/2500 (page)
  fetched 2500/2500 (page)
  kept=1472 winter=294 vsR_pitches=928 vsL_pitches=501
=== [37/83] PON William Simoneit
  fetched 400/2500 (page)
  fetched 800/2500 (page)
  fetched 1200/2500 (page)
  fetched 1600/2500 (page)
  fetched 2000/2500 (page)
  fetched 2400/2500 (page)
  fetched 2500/2500 (page)
  kept=1387 winter=611 vsR_pitches=981 vsL_pitches=392
=== [38/83] MAY Eddie Rosario
  fetched 400/2500 (page)
  fetched 800/2500 (page)
  fetched 1200/2500 (page)
  fetched 1600/2500 (page)
  fetched 2000/2500 (page)
  fetched 2400/2500 (page)
  fetched 2500/2500 (page)
  kept=1294 winter=600 vsR_pitches=977 vsL_pitches=296
=== [39/83] CAR Miguel Pabon
  fetched 400/2500 (page)
  fetched 800/2500 (page)
  fetched 1200/2500 (page)
  fetched 1600/2500 (page)
  fetched 2000/2500 (page)
  fetched 2400/2500 (page)
  fetched 2500/2500 (page)
  kept=1163 winter=280 vsR_pitches=870 vsL_pitches=269
=== [40/83] MAY Martín Maldonado
  fetched 400/2500 (page)
  fetched 800/2500 (page)
  fetched 1200/2500 (page)
  fetched 1600/2500 (page)
  fetched 2000/2500 (page)
  fetched 2400/2500 (page)
  fetched 2500/2500 (page)
  kept=1096 winter=472 vsR_pitches=752 vsL_pitches=328
=== [41/83] SJU Elijah Dunham
  fetched 400/2500 (page)
  fetched 800/2500 (page)
  fetched 1200/2500 (page)
  fetched 1600/2500 (page)
  fetched 2000/2500 (page)
  fetched 2400/2500 (page)
  fetched 2500/2500 (page)
  kept=996 winter=437 vsR_pitches=768 vsL_pitches=217
=== [42/83] MAY Anthony García
  fetched 400/2500 (page)
  fetched 800/2500 (page)
  fetched 1200/2500 (page)
  fetched 1600/2500 (page)
  fetched 2000/2500 (page)
  fetched 2400/2500 (page)
  fetched 2500/2500 (page)
  kept=913 winter=667 vsR_pitches=662 vsL_pitches=243
=== [43/83] CAG Onix Vega
  fetched 400/2500 (page)
  fetched 800/2500 (page)
  fetched 1200/2500 (page)
  fetched 1600/2500 (page)
  fetched 2000/2500 (page)
  fetched 2400/2500 (page)
  fetched 2500/2500 (page)
  kept=876 winter=371 vsR_pitches=600 vsL_pitches=262
=== [44/83] PON Jesmuel Valentín
  fetched 400/2500 (page)
  fetched 800/2500 (page)
  fetched 1200/2500 (page)
  fetched 1600/2500 (page)
  fetched 2000/2500 (page)
  fetched 2400/2500 (page)
  fetched 2500/2500 (page)
  kept=881 winter=881 vsR_pitches=574 vsL_pitches=281
=== [45/83] CAR Felix Stevens
  fetched 400/2500 (page)
  fetched 800/2500 (page)
  fetched 1200/2500 (page)
  fetched 1600/2500 (page)
  fetched 2000/2500 (page)
  fetched 2400/2500 (page)
  fetched 2500/2500 (page)
  kept=749 winter=145 vsR_pitches=461 vsL_pitches=277
=== [46/83] PON Anthony Calarco
  fetched 400/2500 (page)
  fetched 800/2500 (page)
  fetched 1200/2500 (page)
  fetched 1600/2500 (page)
  fetched 2000/2500 (page)
  fetched 2400/2500 (page)
  fetched 2500/2500 (page)
  kept=707 winter=707 vsR_pitches=434 vsL_pitches=259
=== [47/83] CAG Manny Garcia
  fetched 400/2500 (page)
  fetched 800/2500 (page)
  fetched 1200/2500 (page)
  fetched 1600/2500 (page)
  fetched 2000/2500 (page)
  fetched 2400/2500 (page)
  fetched 2500/2500 (page)
  kept=625 winter=184 vsR_pitches=406 vsL_pitches=214
=== [48/83] CAR Jan Hernandez
  fetched 400/2500 (page)
  fetched 800/2500 (page)
  fetched 1200/2500 (page)
  fetched 1600/2500 (page)
  fetched 2000/2500 (page)
  fetched 2400/2500 (page)
  fetched 2500/2500 (page)
  kept=583 winter=583 vsR_pitches=387 vsL_pitches=180
=== [49/83] CAR Ezequiel Pagan
  fetched 400/2500 (page)
  fetched 800/2500 (page)
  fetched 1200/2500 (page)
  fetched 1600/2500 (page)
  fetched 2000/2500 (page)
  fetched 2400/2500 (page)
  fetched 2500/2500 (page)
  kept=578 winter=568 vsR_pitches=415 vsL_pitches=150
=== [50/83] SJU Roby Enriquez
  fetched 400/2500 (page)
  fetched 800/2500 (page)
  fetched 1200/2500 (page)
  fetched 1600/2500 (page)
  fetched 2000/2500 (page)
  fetched 2400/2500 (page)
  fetched 2500/2500 (page)
  kept=576 winter=564 vsR_pitches=374 vsL_pitches=188
=== [51/83] PON Chris Arroyo
  fetched 400/2241 (page)
  fetched 800/2241 (page)
  fetched 1200/2241 (page)
  fetched 1600/2241 (page)
  fetched 2000/2241 (page)
  fetched 2241/2241 (page)
  kept=528 winter=198 vsR_pitches=422 vsL_pitches=100
=== [52/83] PON Matt Bottcher
  fetched 400/2500 (page)
  fetched 800/2500 (page)
  fetched 1200/2500 (page)
  fetched 1600/2500 (page)
  fetched 2000/2500 (page)
  fetched 2400/2500 (page)
  fetched 2500/2500 (page)
  kept=520 winter=406 vsR_pitches=360 vsL_pitches=150
=== [53/83] CAR Steven Ondina
  fetched 400/2500 (page)
  fetched 800/2500 (page)
  fetched 1200/2500 (page)
  fetched 1600/2500 (page)
  fetched 2000/2500 (page)
  fetched 2400/2500 (page)
  fetched 2500/2500 (page)
  kept=502 winter=305 vsR_pitches=362 vsL_pitches=129
=== [54/83] SJU Delvin Pérez
  fetched 400/2500 (page)
  fetched 800/2500 (page)
  fetched 1200/2500 (page)
  fetched 1600/2500 (page)
  fetched 2000/2500 (page)
  fetched 2400/2500 (page)
  fetched 2500/2500 (page)
  kept=491 winter=491 vsR_pitches=330 vsL_pitches=154
=== [55/83] SJU Kenen Irizarry
  fetched 400/2500 (page)
  fetched 800/2500 (page)
  fetched 1200/2500 (page)
  fetched 1600/2500 (page)
  fetched 2000/2500 (page)
  fetched 2400/2500 (page)
  fetched 2500/2500 (page)
  kept=443 winter=443 vsR_pitches=335 vsL_pitches=99
=== [56/83] PON Juan Montero
  fetched 400/1632 (page)
  fetched 800/1632 (page)
  fetched 1200/1632 (page)
  fetched 1600/1632 (page)
  fetched 1632/1632 (page)
  kept=433 winter=46 vsR_pitches=332 vsL_pitches=86
=== [57/83] SJU Jadiel Sanchez
  fetched 400/2500 (page)
  fetched 800/2500 (page)
  fetched 1200/2500 (page)
  fetched 1600/2500 (page)
  fetched 2000/2500 (page)
  fetched 2400/2500 (page)
  fetched 2500/2500 (page)
  kept=420 winter=420 vsR_pitches=255 vsL_pitches=154
=== [58/83] MAY Mario Feliciano
  fetched 400/2500 (page)
  fetched 800/2500 (page)
  fetched 1200/2500 (page)
  fetched 1600/2500 (page)
  fetched 2000/2500 (page)
  fetched 2400/2500 (page)
  fetched 2500/2500 (page)
  kept=381 winter=209 vsR_pitches=252 vsL_pitches=126
=== [59/83] SJU D'Shawn Knowles
  fetched 400/2500 (page)
  fetched 800/2500 (page)
  fetched 1200/2500 (page)
  fetched 1600/2500 (page)
  fetched 2000/2500 (page)
  fetched 2400/2500 (page)
  fetched 2500/2500 (page)
  kept=350 winter=350 vsR_pitches=203 vsL_pitches=138
=== [60/83] CAG Gustavo Melendez
  fetched 400/699 (page)
  fetched 699/699 (page)
  kept=319 winter=314 vsR_pitches=262 vsL_pitches=53
=== [61/83] PON Aldemar Burgos
  fetched 400/1217 (page)
  fetched 800/1217 (page)
  fetched 1200/1217 (page)
  fetched 1217/1217 (page)
  kept=321 winter=321 vsR_pitches=149 vsL_pitches=162
=== [62/83] CAG Jonathan Morales
  fetched 400/2500 (page)
  fetched 800/2500 (page)
  fetched 1200/2500 (page)
  fetched 1600/2500 (page)
  fetched 2000/2500 (page)
  fetched 2400/2500 (page)
  fetched 2500/2500 (page)
  kept=298 winter=298 vsR_pitches=189 vsL_pitches=106
=== [63/83] PON John Montes
  fetched 400/2500 (page)
  fetched 800/2500 (page)
  fetched 1200/2500 (page)
  fetched 1600/2500 (page)
  fetched 2000/2500 (page)
  fetched 2400/2500 (page)
  fetched 2500/2500 (page)
  kept=291 winter=291 vsR_pitches=235 vsL_pitches=53
=== [64/83] PON Kevin Santa
  fetched 400/2500 (page)
  fetched 800/2500 (page)
  fetched 1200/2500 (page)
  fetched 1600/2500 (page)
  fetched 2000/2500 (page)
  fetched 2400/2500 (page)
  fetched 2500/2500 (page)
  kept=263 winter=263 vsR_pitches=196 vsL_pitches=66
=== [65/83] PON Alex Dickerson
  fetched 400/2500 (page)
  fetched 800/2500 (page)
  fetched 1200/2500 (page)
  fetched 1600/2500 (page)
  fetched 2000/2500 (page)
  fetched 2400/2500 (page)
  fetched 2500/2500 (page)
  kept=259 winter=259 vsR_pitches=178 vsL_pitches=77
=== [66/83] SJU Jan Mercado
  fetched 400/1971 (page)
  fetched 800/1971 (page)
  fetched 1200/1971 (page)
  fetched 1600/1971 (page)
  fetched 1971/1971 (page)
  kept=216 winter=216 vsR_pitches=126 vsL_pitches=88
=== [67/83] MAY Yadiel Rivera
  fetched 400/2500 (page)
  fetched 800/2500 (page)
  fetched 1200/2500 (page)
  fetched 1600/2500 (page)
  fetched 2000/2500 (page)
  fetched 2400/2500 (page)
  fetched 2500/2500 (page)
  kept=196 winter=196 vsR_pitches=98 vsL_pitches=94
=== [68/83] SJU Victor Torres
  fetched 400/623 (page)
  fetched 623/623 (page)
  kept=175 winter=78 vsR_pitches=132 vsL_pitches=40
=== [69/83] SJU Narciso Crook
  fetched 400/2500 (page)
  fetched 800/2500 (page)
  fetched 1200/2500 (page)
  fetched 1600/2500 (page)
  fetched 2000/2500 (page)
  fetched 2400/2500 (page)
  fetched 2500/2500 (page)
  kept=167 winter=167 vsR_pitches=102 vsL_pitches=59
=== [70/83] SJU Alan Marrero
  fetched 400/1730 (page)
  fetched 800/1730 (page)
  fetched 1200/1730 (page)
  fetched 1600/1730 (page)
  fetched 1730/1730 (page)
  kept=161 winter=161 vsR_pitches=133 vsL_pitches=25
=== [71/83] MAY Rey Fuentes
  fetched 400/2500 (page)
  fetched 800/2500 (page)
  fetched 1200/2500 (page)
  fetched 1600/2500 (page)
  fetched 2000/2500 (page)
  fetched 2400/2500 (page)
  fetched 2500/2500 (page)
  kept=155 winter=155 vsR_pitches=145 vsL_pitches=10
=== [72/83] SJU Glenn Santiago
  fetched 400/2500 (page)
  fetched 800/2500 (page)
  fetched 1200/2500 (page)
  fetched 1600/2500 (page)
  fetched 2000/2500 (page)
  fetched 2400/2500 (page)
  fetched 2500/2500 (page)
  kept=148 winter=148 vsR_pitches=114 vsL_pitches=31
=== [73/83] SJU Luis Curbelo
  fetched 400/2500 (page)
  fetched 800/2500 (page)
  fetched 1200/2500 (page)
  fetched 1600/2500 (page)
  fetched 2000/2500 (page)
  fetched 2400/2500 (page)
  fetched 2500/2500 (page)
  kept=130 winter=130 vsR_pitches=55 vsL_pitches=72
=== [74/83] MAY Drew Mendoza
  fetched 400/2500 (page)
  fetched 800/2500 (page)
  fetched 1200/2500 (page)
  fetched 1600/2500 (page)
  fetched 2000/2500 (page)
  fetched 2400/2500 (page)
  fetched 2500/2500 (page)
  kept=131 winter=131 vsR_pitches=90 vsL_pitches=36
=== [75/83] CAG Jancarlos Cintron
  fetched 400/2500 (page)
  fetched 800/2500 (page)
  fetched 1200/2500 (page)
  fetched 1600/2500 (page)
  fetched 2000/2500 (page)
  fetched 2400/2500 (page)
  fetched 2500/2500 (page)
  kept=102 winter=102 vsR_pitches=73 vsL_pitches=25
=== [76/83] MAY Jeremy Rivera
  fetched 400/2500 (page)
  fetched 800/2500 (page)
  fetched 1200/2500 (page)
  fetched 1600/2500 (page)
  fetched 2000/2500 (page)
  fetched 2400/2500 (page)
  fetched 2500/2500 (page)
  kept=91 winter=91 vsR_pitches=73 vsL_pitches=17
=== [77/83] MAY Robbie Merced
  fetched 400/2500 (page)
  fetched 800/2500 (page)
  fetched 1200/2500 (page)
  fetched 1600/2500 (page)
  fetched 2000/2500 (page)
  fetched 2400/2500 (page)
  fetched 2500/2500 (page)
  kept=90 winter=90 vsR_pitches=30 vsL_pitches=59
=== [78/83] PON Yeniel Laboy
  fetched 400/2500 (page)
  fetched 800/2500 (page)
  fetched 1200/2500 (page)
  fetched 1600/2500 (page)
  fetched 2000/2500 (page)
  fetched 2400/2500 (page)
  fetched 2500/2500 (page)
  kept=73 winter=73 vsR_pitches=60 vsL_pitches=13
=== [79/83] PON Ozzie Martínez
  fetched 400/2500 (page)
  fetched 800/2500 (page)
  fetched 1200/2500 (page)
  fetched 1600/2500 (page)
  fetched 2000/2500 (page)
  fetched 2400/2500 (page)
  fetched 2500/2500 (page)
  kept=68 winter=68 vsR_pitches=25 vsL_pitches=43
=== [80/83] CAR Roberto Peña
  fetched 400/2104 (page)
  fetched 800/2104 (page)
  fetched 1200/2104 (page)
  fetched 1600/2104 (page)
  fetched 2000/2104 (page)
  fetched 2104/2104 (page)
  kept=68 winter=68 vsR_pitches=52 vsL_pitches=14
=== [81/83] SJU Abdel Guadalupe
  fetched 400/2500 (page)
  fetched 800/2500 (page)
  fetched 1200/2500 (page)
  fetched 1600/2500 (page)
  fetched 2000/2500 (page)
  fetched 2400/2500 (page)
  fetched 2500/2500 (page)
  kept=61 winter=61 vsR_pitches=50 vsL_pitches=11
=== [82/83] PON Jankel Ortiz
  fetched 400/756 (page)
  fetched 756/756 (page)
  kept=47 winter=47 vsR_pitches=31 vsL_pitches=15
=== [83/83] CAR Diego Rosa
  fetched 136/136 (page)
  kept=3 winter=3 vsR_pitches=3 vsL_pitches=0
summer_sb_bunts attached=33 junk_pitch_rows_removed=784
wrote /Users/colbymorris/Santurce2026/data/advance_opposing_hitters.json hitters=83 pitches=99368
spray synergy players=83 → /Users/colbymorris/Santurce2026/data/pregame_spray_charts.json
merged spray into pregame_spray_charts.json
hitters_with_both_hands=82 sample=('Sabin Ceballos', 'CAR', 1537, 788)
GAPS pitches=101203 no_hand=0 non_risp=73298 risp=27905 pre2k=72521 twok=28682 bip=16668 gb=7085 bip_untyped=14 types={'FlyBall': 4287, 'GroundBall': 7085, 'LineDrive': 3769, 'Popup': 1445, 'Flare': 68}
hitters_missing_non_risp_charts=1
DONE
