Synergy login ok
missing-count=32
[1/32] CAG Alex Claudio pitcherId=573d7065080cc2cbe8bf3063
  fetched 200/1000 (page)
  fetched 400/1000 (page)
  fetched 600/1000 (page)
  fetched 800/1000 (page)
  fetched 1000/1000 (page)
  pitches=868 0-0=249 2K=228 LHH=429 RHH=439 leagues={'LMB': 681, 'LBPRC': 187}
[2/32] CAG Dereck Rodríguez pitcherId=5abcb5312cb661f293636104
  fetched 200/1000 (page)
  fetched 400/1000 (page)
  fetched 600/1000 (page)
  fetched 800/1000 (page)
  fetched 1000/1000 (page)
  pitches=935 0-0=260 2K=257 LHH=431 RHH=504 leagues={'LMB': 615, 'LBPRC': 320}
[3/32] CAG Gabriel Cotto pitcherId=5fd12a915fe05a0e9fc11267
  fetched 200/1000 (page)
  fetched 400/1000 (page)
  fetched 600/1000 (page)
  fetched 800/1000 (page)
  fetched 1000/1000 (page)
  pitches=62 0-0=16 2K=10 LHH=24 RHH=38 leagues={'LBPRC': 62}
[4/32] CAG Jhon Vargas pitcherId=628bee7c9718420a18ee3ada
  fetched 200/1000 (page)
  fetched 400/1000 (page)
  fetched 600/1000 (page)
  fetched 800/1000 (page)
  fetched 1000/1000 (page)
  pitches=36 0-0=9 2K=5 LHH=11 RHH=25 leagues={'LBPRC': 36}
[5/32] CAG Luis Gonzalez pitcherId=5fe4e8b9243e95ca6a016ecf
  fetched 200/535 (page)
  fetched 400/535 (page)
  fetched 535/535 (page)
  pitches=214 0-0=50 2K=68 LHH=57 RHH=157 leagues={'LBPRC': 214}
[6/32] CAG Marvin Gorgas pitcherId=5834ab0935be47a927638df7
  fetched 200/1000 (page)
  fetched 400/1000 (page)
  fetched 600/1000 (page)
  fetched 800/1000 (page)
  fetched 1000/1000 (page)
  pitches=467 0-0=123 2K=136 LHH=206 RHH=261 leagues={'LBPRC': 467}
[7/32] CAR Jean Ortega pitcherId=6a03ee1a8d5f953964d5e4cc
  EMPTY raw=0 kept=0 leagues={} years={}
[8/32] CAR Jose Cruz pitcherId=5deb5e694b8b4f28d0143deb
  fetched 200/1000 (page)
  fetched 400/1000 (page)
  fetched 600/1000 (page)
  fetched 800/1000 (page)
  fetched 1000/1000 (page)
  pitches=389 0-0=83 2K=114 LHH=122 RHH=267 leagues={'LBPRC': 389}
[9/32] CAR Kaisei Toumatsu pitcherId=690c300c02498a25baa911a3
  fetched 200/1000 (page)
  fetched 400/1000 (page)
  fetched 600/1000 (page)
  fetched 800/1000 (page)
  fetched 1000/1000 (page)
  EMPTY raw=1000 kept=0 leagues={'other:67d31b0d3a6b922b0524b576': 1000} years={2026: 1000}
[10/32] CAR Kazuo Ohno pitcherId=6815f4d63740a2ff27428ff1
  fetched 200/1000 (page)
  fetched 400/1000 (page)
  fetched 600/1000 (page)
  fetched 800/1000 (page)
  fetched 1000/1000 (page)
  pitches=82 0-0=19 2K=31 LHH=17 RHH=65 leagues={'LBPRC': 82}
[11/32] CAR Luis Rodriguez pitcherId=626735df68628ad9ea0242a9
  fetched 200/1000 (page)
  fetched 400/1000 (page)
  fetched 600/1000 (page)
  fetched 800/1000 (page)
  fetched 1000/1000 (page)
  pitches=120 0-0=27 2K=33 LHH=56 RHH=64 leagues={'LBPRC': 120}
[12/32] CAR Miguel Ausua pitcherId=58b45d364b8b536f7c313c03
  fetched 200/1000 (page)
  fetched 400/1000 (page)
  fetched 600/1000 (page)
  fetched 800/1000 (page)
  fetched 1000/1000 (page)
  pitches=130 0-0=38 2K=20 LHH=61 RHH=69 leagues={'LBPRC': 130}
[13/32] CAR Nicholas Regalado pitcherId=5fff2a990c527cd9924a8a9d
  fetched 200/1000 (page)
  fetched 400/1000 (page)
  fetched 600/1000 (page)
  fetched 800/1000 (page)
  fetched 1000/1000 (page)
  EMPTY raw=1000 kept=0 leagues={'other:609d4ed12a20973e219ea3f9': 1000} years={2026: 1000}
[14/32] CAR Ren Mukunoki pitcherId=62c768951a73c657aa8e65a0
  fetched 200/1000 (page)
  fetched 400/1000 (page)
  fetched 600/1000 (page)
  fetched 800/1000 (page)
  fetched 1000/1000 (page)
  pitches=178 0-0=51 2K=41 LHH=82 RHH=96 leagues={'LBPRC': 178}
[15/32] MAY A.J. Candelario UNRESOLVED
[16/32] MAY Alexis Rivero pitcherId=5a4cc8b5c6deb2ec2b572183
  fetched 200/1000 (page)
  fetched 400/1000 (page)
  fetched 600/1000 (page)
  fetched 800/1000 (page)
  fetched 1000/1000 (page)
  pitches=488 0-0=135 2K=119 LHH=250 RHH=238 leagues={'LBPRC': 488}
[17/32] MAY Efrain Nieves pitcherId=60b8d2be2b2ec8ce41c51b1a
  fetched 193/193 (page)
  pitches=155 0-0=38 2K=48 LHH=68 RHH=87 leagues={'LBPRC': 155}
[18/32] MAY Lucas Vega pitcherId=607e90c12a20973e219e92ad
  fetched 200/1000 (page)
  fetched 400/1000 (page)
  fetched 600/1000 (page)
  fetched 800/1000 (page)
  fetched 1000/1000 (page)
  pitches=170 0-0=46 2K=47 LHH=69 RHH=101 leagues={'LBPRC': 170}
[19/32] MAY Michael Reed UNRESOLVED
[20/32] PON Franny Cobos pitcherId=60d35b1fb15f3558254dfd60
  fetched 200/1000 (page)
  fetched 400/1000 (page)
  fetched 600/1000 (page)
  fetched 800/1000 (page)
  fetched 1000/1000 (page)
  pitches=148 0-0=37 2K=35 LHH=65 RHH=83 leagues={'LBPRC': 148}
[21/32] PON Juan Echevarria pitcherId=5834aaf335be47a927638b85
  fetched 200/1000 (page)
  fetched 400/1000 (page)
  fetched 600/1000 (page)
  fetched 800/1000 (page)
  fetched 1000/1000 (page)
  pitches=397 0-0=109 2K=92 LHH=139 RHH=258 leagues={'LBPRC': 397}
[22/32] PON Kazuto Taguchi pitcherId=58dbb4a735268c61b07755e4
  fetched 200/1000 (page)
  fetched 400/1000 (page)
  fetched 600/1000 (page)
  fetched 800/1000 (page)
  fetched 1000/1000 (page)
  pitches=327 0-0=88 2K=93 LHH=110 RHH=217 leagues={'LBPRC': 327}
[23/32] SJU Alexander Castro pitcherId=5a78a1fdda5c2a72b4c2eda4
  fetched 200/1000 (page)
  fetched 400/1000 (page)
  fetched 600/1000 (page)
  fetched 800/1000 (page)
  fetched 1000/1000 (page)
  pitches=184 0-0=41 2K=65 LHH=78 RHH=106 leagues={'LBPRC': 184}
[24/32] SJU Ethan Lindow pitcherId=60aa6cc14a1096c53ec54249
  fetched 200/1000 (page)
  fetched 400/1000 (page)
  fetched 600/1000 (page)
  fetched 800/1000 (page)
  fetched 1000/1000 (page)
  EMPTY raw=1000 kept=0 leagues={'other:609d4ed12a20973e219ea3f9': 992, 'other:5d9e2a9b4b8b507b5489026b': 8} years={2026: 992, 2025: 8}
[25/32] SJU Jarrod Cande pitcherId=5effdc1cc3ca6e1efcf957f7
  fetched 200/1000 (page)
  fetched 400/1000 (page)
  fetched 600/1000 (page)
  fetched 800/1000 (page)
  fetched 1000/1000 (page)
  pitches=957 0-0=238 2K=262 LHH=525 RHH=432 leagues={'MILB': 643, 'LBPRC': 314}
[26/32] SJU Josh Mallitz pitcherId=5ffaf9a1e652876b87398363
  fetched 200/1000 (page)
  fetched 400/1000 (page)
  fetched 600/1000 (page)
  fetched 800/1000 (page)
  fetched 1000/1000 (page)
  pitches=833 0-0=214 2K=243 LHH=412 RHH=421 leagues={'MILB': 813, 'MLB': 18, 'LBPRC': 2}
[27/32] SJU Minato Aoyama pitcherId=62c884cdd1211cf37a8bb148
  fetched 200/1000 (page)
  fetched 400/1000 (page)
  fetched 600/1000 (page)
  fetched 800/1000 (page)
  fetched 1000/1000 (page)
  pitches=164 0-0=47 2K=38 LHH=82 RHH=82 leagues={'LBPRC': 164}
[28/32] SJU Raul Rivera pitcherId=5e04e5404b8b4f7430ff1067
  fetched 200/1000 (page)
  fetched 400/1000 (page)
  fetched 600/1000 (page)
  fetched 800/1000 (page)
  fetched 1000/1000 (page)
  pitches=489 0-0=125 2K=147 LHH=235 RHH=254 leagues={'LBPRC': 489}
[29/32] SJU Sam Whiting pitcherId=5e31a17a7983043d2cc96aba
  fetched 200/1000 (page)
  fetched 400/1000 (page)
  fetched 600/1000 (page)
  fetched 800/1000 (page)
  fetched 1000/1000 (page)
  pitches=608 0-0=153 2K=171 LHH=290 RHH=318 leagues={'MILB': 575, 'MLB': 17, 'LBPRC': 16}
[30/32] SJU Sidney Duprey pitcherId=5834aa2d35be47a927637d92
  fetched 200/1000 (page)
  fetched 400/1000 (page)
  fetched 600/1000 (page)
  fetched 800/1000 (page)
  fetched 1000/1000 (page)
  pitches=554 0-0=146 2K=121 LHH=214 RHH=340 leagues={'LBPRC': 554}
[31/32] SJU Taishi Mameda pitcherId=64c3fdb77f5660770878e9cd
  fetched 200/1000 (page)
  fetched 400/1000 (page)
  fetched 600/1000 (page)
  fetched 800/1000 (page)
  fetched 1000/1000 (page)
  pitches=174 0-0=43 2K=52 LHH=90 RHH=84 leagues={'LBPRC': 174}
[32/32] SJU Yanzel Correa pitcherId=616fbb9f66010250dc14bfcf
  fetched 200/1000 (page)
  fetched 400/1000 (page)
  fetched 600/1000 (page)
  fetched 800/1000 (page)
  fetched 1000/1000 (page)
  pitches=971 0-0=254 2K=268 LHH=363 RHH=608 leagues={'MILB': 971}
merged Synergy → arsenals count=100 hand=99 matched=100
REPORT filled 26 empty 4 unresolved 2
merge {'count': 100, 'hand': 99, 'matched': 100, 'arsenal_rows': 120}
