Synergy login ok
movement-only=12
[1/12] CAG Brendan Cellucci pitcherId=5a83555ada5c2a61ccc83fce
  fetched 200/1000 (page)
  fetched 400/1000 (page)
  fetched 600/1000 (page)
  fetched 800/1000 (page)
  fetched 1000/1000 (page)
  pitches=927 0-0=239 2K=252 LHH=397 RHH=530 leagues={'MLB': 112, 'MILB': 815}
[2/12] CAG Jorge Benitez pitcherId=5fd12a915fe05a0e9fc112e2
  fetched 200/1000 (page)
  fetched 400/1000 (page)
  fetched 600/1000 (page)
  fetched 800/1000 (page)
  fetched 1000/1000 (page)
  pitches=747 0-0=186 2K=174 LHH=292 RHH=455 leagues={'LBPRC': 113, 'MILB': 634}
[3/12] CAG Magdiel Cotto pitcherId=5d0d76e94b8b4e352c29c0a8
  fetched 200/1000 (page)
  fetched 400/1000 (page)
  fetched 600/1000 (page)
  fetched 800/1000 (page)
  fetched 1000/1000 (page)
  pitches=309 0-0=78 2K=82 LHH=83 RHH=226 leagues={'LBPRC': 52, 'MILB': 257}
[4/12] CAG Paolo Espino pitcherId=59c8a8f844b2b8aa7ed10eeb
  fetched 200/1000 (page)
  fetched 400/1000 (page)
  fetched 600/1000 (page)
  fetched 800/1000 (page)
  fetched 1000/1000 (page)
  pitches=421 0-0=124 2K=108 LHH=224 RHH=197 leagues={'LBPRC': 103, 'LMB': 318}
[5/12] CAG Wyatt Olds pitcherId=5c3b6408e5a2bd1e14c63583
  fetched 200/1000 (page)
  fetched 400/1000 (page)
  fetched 600/1000 (page)
  fetched 800/1000 (page)
  fetched 1000/1000 (page)
  pitches=988 0-0=250 2K=283 LHH=449 RHH=539 leagues={'MLB': 306, 'MILB': 682}
[6/12] CAR Magnus Ellerts pitcherId=601d7d25cf03a3b45431e488
  fetched 200/1000 (page)
  fetched 400/1000 (page)
  fetched 600/1000 (page)
  fetched 800/1000 (page)
  fetched 1000/1000 (page)
  pitches=945 0-0=226 2K=249 LHH=388 RHH=557 leagues={'MILB': 870, 'MLB': 17, 'LBPRC': 58}
[7/12] CAR Pitterson Rosa pitcherId=680080488961ae9b3dede5e6
  fetched 200/236 (page)
  fetched 236/236 (page)
  pitches=191 0-0=50 2K=52 LHH=67 RHH=124 leagues={'MILB': 191}
[8/12] MAY Josh James pitcherId=5aeffb0b9559b26e7e9b7c09
  fetched 200/1000 (page)
  fetched 400/1000 (page)
  fetched 600/1000 (page)
  fetched 800/1000 (page)
  fetched 1000/1000 (page)
  pitches=21 0-0=3 2K=11 LHH=8 RHH=13 leagues={'LBPRC': 21}
[9/12] MAY Josimar Cousin pitcherId=5fcd991b002101f9faa62a2e
  fetched 200/1000 (page)
  fetched 400/1000 (page)
  fetched 600/1000 (page)
  fetched 800/1000 (page)
  fetched 1000/1000 (page)
  pitches=920 0-0=235 2K=261 LHH=387 RHH=533 leagues={'LBPRC': 217, 'LMB': 703}
[10/12] PON Lenny Torres Jr. pitcherId=5f84b8c41cb0540001a544d9
  fetched 200/1000 (page)
  fetched 400/1000 (page)
  fetched 600/1000 (page)
  fetched 800/1000 (page)
  fetched 1000/1000 (page)
  pitches=575 0-0=142 2K=156 LHH=255 RHH=320 leagues={'MILB': 309, 'MLB': 9, 'LBPRC': 257}
[11/12] SJU Ethan Routzahn pitcherId=58a74edd35268c61b0b88a71
  fetched 200/1000 (page)
  fetched 400/1000 (page)
  fetched 600/1000 (page)
  fetched 800/1000 (page)
  fetched 1000/1000 (page)
  pitches=984 0-0=270 2K=249 LHH=436 RHH=548 leagues={'MILB': 984}
[12/12] SJU Jay Groome pitcherId=5f178ff5e0962f87adc0caaf
  fetched 200/1000 (page)
  fetched 400/1000 (page)
  fetched 600/1000 (page)
  fetched 800/1000 (page)
  fetched 1000/1000 (page)
  pitches=32 0-0=6 2K=10 LHH=11 RHH=21 leagues={'LBPRC': 32}
merged Synergy → arsenals count=74 hand=73 matched=74
REPORT filled 12 empty 0 unresolved 0
merge {'count': 74, 'hand': 73, 'matched': 74, 'arsenal_rows': 73}
